Archive member included to satisfy reference by file (symbol)

/Applications/FEH_ARM/bin/../lib/gcc/arm-none-eabi/10.3.1/../../../../arm-none-eabi/lib/thumb/v7e-m/nofp/libstdc++.a(del_ops.o)
                              Libraries/FEHIO.o (operator delete(void*, unsigned int))
/Applications/FEH_ARM/bin/../lib/gcc/arm-none-eabi/10.3.1/../../../../arm-none-eabi/lib/thumb/v7e-m/nofp/libstdc++.a(new_op.o)
                              Libraries/FEHIO.o (operator new(unsigned int))
/Applications/FEH_ARM/bin/../lib/gcc/arm-none-eabi/10.3.1/../../../../arm-none-eabi/lib/thumb/v7e-m/nofp/libstdc++.a(bad_alloc.o)
                              /Applications/FEH_ARM/bin/../lib/gcc/arm-none-eabi/10.3.1/../../../../arm-none-eabi/lib/thumb/v7e-m/nofp/libstdc++.a(new_op.o) (std::bad_alloc::~bad_alloc())
/Applications/FEH_ARM/bin/../lib/gcc/arm-none-eabi/10.3.1/../../../../arm-none-eabi/lib/thumb/v7e-m/nofp/libstdc++.a(del_op.o)
                              /Applications/FEH_ARM/bin/../lib/gcc/arm-none-eabi/10.3.1/../../../../arm-none-eabi/lib/thumb/v7e-m/nofp/libstdc++.a(del_ops.o) (operator delete(void*))
/Applications/FEH_ARM/bin/../lib/gcc/arm-none-eabi/10.3.1/../../../../arm-none-eabi/lib/thumb/v7e-m/nofp/libstdc++.a(eh_alloc.o)
                              /Applications/FEH_ARM/bin/../lib/gcc/arm-none-eabi/10.3.1/../../../../arm-none-eabi/lib/thumb/v7e-m/nofp/libstdc++.a(new_op.o) (__cxa_allocate_exception)
/Applications/FEH_ARM/bin/../lib/gcc/arm-none-eabi/10.3.1/../../../../arm-none-eabi/lib/thumb/v7e-m/nofp/libstdc++.a(eh_exception.o)
                              /Applications/FEH_ARM/bin/../lib/gcc/arm-none-eabi/10.3.1/../../../../arm-none-eabi/lib/thumb/v7e-m/nofp/libstdc++.a(bad_alloc.o) (std::exception::~exception())
/Applications/FEH_ARM/bin/../lib/gcc/arm-none-eabi/10.3.1/../../../../arm-none-eabi/lib/thumb/v7e-m/nofp/libstdc++.a(eh_terminate.o)
                              /Applications/FEH_ARM/bin/../lib/gcc/arm-none-eabi/10.3.1/../../../../arm-none-eabi/lib/thumb/v7e-m/nofp/libstdc++.a(eh_alloc.o) (std::terminate())
/Applications/FEH_ARM/bin/../lib/gcc/arm-none-eabi/10.3.1/../../../../arm-none-eabi/lib/thumb/v7e-m/nofp/libstdc++.a(eh_throw.o)
                              /Applications/FEH_ARM/bin/../lib/gcc/arm-none-eabi/10.3.1/../../../../arm-none-eabi/lib/thumb/v7e-m/nofp/libstdc++.a(new_op.o) (__cxa_throw)
/Applications/FEH_ARM/bin/../lib/gcc/arm-none-eabi/10.3.1/../../../../arm-none-eabi/lib/thumb/v7e-m/nofp/libstdc++.a(eh_unex_handler.o)
                              /Applications/FEH_ARM/bin/../lib/gcc/arm-none-eabi/10.3.1/../../../../arm-none-eabi/lib/thumb/v7e-m/nofp/libstdc++.a(eh_terminate.o) (__cxxabiv1::__unexpected_handler)
/Applications/FEH_ARM/bin/../lib/gcc/arm-none-eabi/10.3.1/../../../../arm-none-eabi/lib/thumb/v7e-m/nofp/libstdc++.a(new_handler.o)
                              /Applications/FEH_ARM/bin/../lib/gcc/arm-none-eabi/10.3.1/../../../../arm-none-eabi/lib/thumb/v7e-m/nofp/libstdc++.a(new_op.o) (std::get_new_handler())
/Applications/FEH_ARM/bin/../lib/gcc/arm-none-eabi/10.3.1/../../../../arm-none-eabi/lib/thumb/v7e-m/nofp/libstdc++.a(pure.o)
                              /Applications/FEH_ARM/bin/../lib/gcc/arm-none-eabi/10.3.1/../../../../arm-none-eabi/lib/thumb/v7e-m/nofp/libstdc++.a(eh_exception.o) (__cxa_pure_virtual)
/Applications/FEH_ARM/bin/../lib/gcc/arm-none-eabi/10.3.1/../../../../arm-none-eabi/lib/thumb/v7e-m/nofp/libstdc++.a(si_class_type_info.o)
                              /Applications/FEH_ARM/bin/../lib/gcc/arm-none-eabi/10.3.1/../../../../arm-none-eabi/lib/thumb/v7e-m/nofp/libstdc++.a(bad_alloc.o) (vtable for __cxxabiv1::__si_class_type_info)
/Applications/FEH_ARM/bin/../lib/gcc/arm-none-eabi/10.3.1/../../../../arm-none-eabi/lib/thumb/v7e-m/nofp/libstdc++.a(tinfo.o)
                              /Applications/FEH_ARM/bin/../lib/gcc/arm-none-eabi/10.3.1/../../../../arm-none-eabi/lib/thumb/v7e-m/nofp/libstdc++.a(si_class_type_info.o) (std::type_info::__is_pointer_p() const)
/Applications/FEH_ARM/bin/../lib/gcc/arm-none-eabi/10.3.1/../../../../arm-none-eabi/lib/thumb/v7e-m/nofp/libstdc++.a(vterminate.o)
                              /Applications/FEH_ARM/bin/../lib/gcc/arm-none-eabi/10.3.1/../../../../arm-none-eabi/lib/thumb/v7e-m/nofp/libstdc++.a(eh_terminate.o) (__gnu_cxx::__verbose_terminate_handler())
/Applications/FEH_ARM/bin/../lib/gcc/arm-none-eabi/10.3.1/../../../../arm-none-eabi/lib/thumb/v7e-m/nofp/libstdc++.a(class_type_info.o)
                              /Applications/FEH_ARM/bin/../lib/gcc/arm-none-eabi/10.3.1/../../../../arm-none-eabi/lib/thumb/v7e-m/nofp/libstdc++.a(si_class_type_info.o) (__cxxabiv1::__class_type_info::__do_upcast(__cxxabiv1::__class_type_info const*, void**) const)
/Applications/FEH_ARM/bin/../lib/gcc/arm-none-eabi/10.3.1/../../../../arm-none-eabi/lib/thumb/v7e-m/nofp/libstdc++.a(cp-demangle.o)
[...]
Memory Configuration

Name             Origin             Length             Attributes
PROGRAM_FLASH    0x000000000000c000 0x0000000000073c00 xr
SRAM_UPPER       0x0000000020000000 0x0000000000010000 xrw
SRAM_LOWER       0x000000001fff0000 0x0000000000010000 xrw
*default*        0x0000000000000000 0xffffffffffffffff

Linker script and memory map

LOAD /Applications/FEH_ARM/bin/../lib/gcc/arm-none-eabi/10.3.1/thumb/v7e-m/nofp/crti.o
LOAD /Applications/FEH_ARM/bin/../lib/gcc/arm-none-eabi/10.3.1/thumb/v7e-m/nofp/crtbegin.o
LOAD /Applications/FEH_ARM/bin/../lib/gcc/arm-none-eabi/10.3.1/../../../../arm-none-eabi/lib/thumb/v7e-m/nofp/crt0.o
LOAD ../main.o
LOAD Startup/startup_mk60d10.o
LOAD Libraries/FEHMotor.o
LOAD Drivers/mcg.o
LOAD Drivers/i2c.o
LOAD Drivers/spi.o
LOAD Drivers/uart.o
LOAD Drivers/ff.o
LOAD Drivers/SDHC.o
LOAD Drivers/lptmr.o
LOAD FEHProteus.o
LOAD Drivers/FEHPropeller.o
LOAD Libraries/FEHUtility.o
LOAD Libraries/FEHIO.o
LOAD Drivers/adc16.o
LOAD Libraries/FEHBuzzer.o
LOAD Libraries/FEHServo.o
LOAD Libraries/FEHLCD.o
LOAD Libraries/FEHAccel.o
LOAD Libraries/FEHBattery.o
LOAD Drivers/FEHXBee.o
LOAD Libraries/FEHRPS.o
LOAD Libraries/FEHSD.o
LOAD Libraries/FEHRandom.o
LOAD /Applications/FEH_ARM/bin/../lib/gcc/arm-none-eabi/10.3.1/../../../../arm-none-eabi/lib/thumb/v7e-m/nofp/libstdc++.a
LOAD /Applications/FEH_ARM/bin/../lib/gcc/arm-none-eabi/10.3.1/../../../../arm-none-eabi/lib/thumb/v7e-m/nofp/libm.a
START GROUP
LOAD /Applications/FEH_ARM/bin/../lib/gcc/arm-none-eabi/10.3.1/thumb/v7e-m/nofp/libgcc.a
LOAD /Applications/FEH_ARM/bin/../lib/gcc/arm-none-eabi/10.3.1/../../../../arm-none-eabi/lib/thumb/v7e-m/nofp/libg.a
LOAD /Applications/FEH_ARM/bin/../lib/gcc/arm-none-eabi/10.3.1/../../../../arm-none-eabi/lib/thumb/v7e-m/nofp/libc.a
END GROUP
START GROUP
LOAD /Applications/FEH_ARM/bin/../lib/gcc/arm-none-eabi/10.3.1/thumb/v7e-m/nofp/libgcc.a
LOAD /Applications/FEH_ARM/bin/../lib/gcc/arm-none-eabi/10.3.1/../../../../arm-none-eabi/lib/thumb/v7e-m/nofp/libc.a
LOAD /Applications/FEH_ARM/bin/../lib/gcc/arm-none-eabi/10.3.1/../../../../arm-none-eabi/lib/thumb/v7e-m/nofp/libnosys.a
END GROUP
LOAD /Applications/FEH_ARM/bin/../lib/gcc/arm-none-eabi/10.3.1/thumb/v7e-m/nofp/crtend.o
LOAD /Applications/FEH_ARM/bin/../lib/gcc/arm-none-eabi/10.3.1/thumb/v7e-m/nofp/crtn.o
                0x000000000000c000                __base_PROGRAM_FLASH = 0xc000
                0x000000000000c000                __base_Flash = 0xc000
                0x000000000007fc00                __top_PROGRAM_FLASH = 0x7fc00
                0x000000000007fc00                __top_Flash = 0x7fc00
                0x0000000020000000                __base_SRAM_UPPER = 0x20000000
                0x0000000020000000                __base_RAM = 0x20000000
                0x0000000020010000                __top_SRAM_UPPER = 0x20010000
                0x0000000020010000                __top_RAM = 0x20010000
                0x000000001fff0000                __base_SRAM_LOWER = 0x1fff0000
                0x000000001fff0000                __base_RAM2 = 0x1fff0000
                0x0000000020000000                __top_SRAM_LOWER = 0x20000000
                0x0000000020000000                __top_RAM2 = 0x20000000

.text           0x000000000000c000      0x410
 FILL mask 0xff
                0x000000000000c000                __vectors_start__ = ABSOLUTE (.)
 *(.isr_vector)
 .isr_vector    0x000000000000c000      0x1bc Startup/startup_mk60d10.o
                0x000000000000c000                __Vectors
                0x000000000000c000                g_pfnVectors
                0x000000000000c1bc                . = ALIGN (0x4)
                0x000000000000c1bc                __section_table_start = .
                0x000000000000c1bc                __data_section_table = .
                0x000000000000c1bc        0x4 LONG 0x163c8 LOADADDR (.data)
                0x000000000000c1c0        0x4 LONG 0x20000000 ADDR (.data)
                0x000000000000c1c4        0x4 LONG 0x155c SIZEOF (.data)
                0x000000000000c1c8        0x4 LONG 0x163c8 LOADADDR (.data_RAM2)
                0x000000000000c1cc        0x4 LONG 0x1fff0000 ADDR (.data_RAM2)
                0x000000000000c1d0        0x4 LONG 0x0 SIZEOF (.data_RAM2)
                0x000000000000c1d4                __data_section_table_end = .
                0x000000000000c1d4                __bss_section_table = .
                0x000000000000c1d4        0x4 LONG 0x2000155c ADDR (.bss)
                0x000000000000c1d8        0x4 LONG 0x48c SIZEOF (.bss)
                0x000000000000c1dc        0x4 LONG 0x1fff0000 ADDR (.bss_RAM2)
                0x000000000000c1e0        0x4 LONG 0x0 SIZEOF (.bss_RAM2)
                0x000000000000c1e4                __bss_section_table_end = .
                0x000000000000c1e4                __section_table_end = .
 *(.after_vectors*)
 .after_vectors.init_data
                0x000000000000c1e4       0x42 Startup/startup_mk60d10.o
                0x000000000000c1e4                data_init(unsigned int, unsigned int, unsigned int)
 .after_vectors.init_bss
                0x000000000000c226       0x36 Startup/startup_mk60d10.o
                0x000000000000c226                bss_init(unsigned int, unsigned int)
 .after_vectors.reset
                0x000000000000c25c       0xb4 Startup/startup_mk60d10.o
                0x000000000000c25c                ResetISR
 .after_vectors
                0x000000000000c310       0x3c Startup/startup_mk60d10.o
                0x000000000000c310                NMI_Handler
                0x000000000000c316                HardFault_Handler
                0x000000000000c31c                MemManage_Handler
                0x000000000000c322                BusFault_Handler
                0x000000000000c328                UsageFault_Handler
                0x000000000000c32e                SVC_Handler
                0x000000000000c334                DebugMon_Handler
                0x000000000000c33a                PendSV_Handler
                0x000000000000c340                SysTick_Handler
                0x000000000000c346                PIT2_DriverIRQHandler
                0x000000000000c346                SDHC_DriverIRQHandler
                0x000000000000c346                I2S0_Tx_DriverIRQHandler
                0x000000000000c346                TSI0_DriverIRQHandler
                0x000000000000c346                RTC_Seconds_DriverIRQHandler
                0x000000000000c346                Reserved109_DriverIRQHandler
                0x000000000000c346                DMA6_DriverIRQHandler
                0x000000000000c346                LLWU_DriverIRQHandler
                0x000000000000c346                MCM_DriverIRQHandler
                0x000000000000c346                MCG_DriverIRQHandler
                0x000000000000c346                ENET_1588_Timer_DriverIRQHandler
                0x000000000000c346                DAC1_DriverIRQHandler
                0x000000000000c346                CMP1_DriverIRQHandler
                0x000000000000c346                UART5_RX_TX_DriverIRQHandler
                0x000000000000c346                FTM0_DriverIRQHandler
                0x000000000000c346                IntDefaultHandler
                0x000000000000c346                USB0_DriverIRQHandler
                0x000000000000c346                UART5_ERR_DriverIRQHandler
                0x000000000000c346                DMA11_DriverIRQHandler
                0x000000000000c346                DAC0_DriverIRQHandler
                0x000000000000c346                DMA10_DriverIRQHandler
                0x000000000000c346                CMP2_DriverIRQHandler
                0x000000000000c346                UART2_ERR_DriverIRQHandler
                0x000000000000c346                SPI2_DriverIRQHandler
                0x000000000000c346                LVD_LVW_DriverIRQHandler
                0x000000000000c346                RNG_DriverIRQHandler
                0x000000000000c346                DMA5_DriverIRQHandler
                0x000000000000c346                DMA4_DriverIRQHandler
                0x000000000000c346                UART2_RX_TX_DriverIRQHandler
                0x000000000000c346                USBDCD_DriverIRQHandler
                0x000000000000c346                UART3_ERR_DriverIRQHandler
                0x000000000000c346                DMA3_DriverIRQHandler
                0x000000000000c346                DMA8_DriverIRQHandler
                0x000000000000c346                DMA9_DriverIRQHandler
                0x000000000000c346                UART0_ERR_DriverIRQHandler
                0x000000000000c346                CMT_DriverIRQHandler
                0x000000000000c346                ADC1_DriverIRQHandler
                0x000000000000c346                DMA14_DriverIRQHandler
                0x000000000000c346                PIT3_DriverIRQHandler
                0x000000000000c346                PIT1_DriverIRQHandler
                0x000000000000c346                WDOG_EWM_DriverIRQHandler
                0x000000000000c346                PDB0_DriverIRQHandler
                0x000000000000c346                Reserved95_DriverIRQHandler
                0x000000000000c346                RTC_DriverIRQHandler
                0x000000000000c346                I2S0_Rx_DriverIRQHandler
                0x000000000000c346                Read_Collision_DriverIRQHandler
                0x000000000000c346                SWI_DriverIRQHandler
                0x000000000000c346                UART4_RX_TX_DriverIRQHandler
                0x000000000000c346                UART4_ERR_DriverIRQHandler
                0x000000000000c346                UART0_LON_DriverIRQHandler
                0x000000000000c346                DMA1_DriverIRQHandler
                0x000000000000c346                I2C1_DriverIRQHandler
                0x000000000000c346                UART3_RX_TX_DriverIRQHandler
                0x000000000000c346                ENET_Receive_DriverIRQHandler
                0x000000000000c346                DMA13_DriverIRQHandler
                0x000000000000c346                ENET_Error_DriverIRQHandler
                0x000000000000c346                DMA15_DriverIRQHandler
                0x000000000000c346                SPI0_DriverIRQHandler
                0x000000000000c346                ADC0_DriverIRQHandler
                0x000000000000c346                FTFL_DriverIRQHandler
                0x000000000000c346                CMP0_DriverIRQHandler
                0x000000000000c346                CAN0_DriverIRQHandler
                0x000000000000c346                Reserved59_DriverIRQHandler
                0x000000000000c346                UART1_ERR_DriverIRQHandler
                0x000000000000c346                DMA2_DriverIRQHandler
                0x000000000000c346                ENET_Transmit_DriverIRQHandler
                0x000000000000c346                I2C0_DriverIRQHandler
                0x000000000000c346                CAN1_DriverIRQHandler
                0x000000000000c346                DMA7_DriverIRQHandler
                0x000000000000c346                UART1_RX_TX_DriverIRQHandler
                0x000000000000c346                Reserved108_DriverIRQHandler
                0x000000000000c346                Reserved102_DriverIRQHandler
                0x000000000000c346                DMA0_DriverIRQHandler
                0x000000000000c346                DMA12_DriverIRQHandler
                0x000000000000c346                SPI1_DriverIRQHandler
                0x000000000000c346                LPTMR0_DriverIRQHandler
                0x000000000000c346                DMA_Error_DriverIRQHandler
                0x000000000000c346                FTM1_DriverIRQHandler
                0x000000000000c346                FTM2_DriverIRQHandler
                0x0000000000000400                . = 0x400
 *fill*         0x000000000000c34c       0xb4 ff
                0x000000000000c400                PROVIDE (__FLASH_CONFIG_START__ = .)
 *(.FlashConfig)
 .FlashConfig   0x000000000000c400       0x10 Startup/startup_mk60d10.o
                0x000000000000c410                PROVIDE (__FLASH_CONFIG_END__ = .)
                0x0000000000000001                ASSERT (! ((__FLASH_CONFIG_START__ == __FLASH_CONFIG_END__)), Linker Flash Config Support Enabled, but no .FlashConfig section provided within application)

.eh_frame       0x000000000000c410        0x0
 .eh_frame      0x000000000000c410        0x0 /Applications/FEH_ARM/bin/../lib/gcc/arm-none-eabi/10.3.1/thumb/v7e-m/nofp/crtbegin.o

.glue_7         0x000000000000c410        0x0
 .glue_7        0x000000000000c410        0x0 linker stubs

.glue_7t        0x000000000000c410        0x0
 .glue_7t       0x000000000000c410        0x0 linker stubs

.vfp11_veneer   0x000000000000c410        0x0
 .vfp11_veneer  0x000000000000c410        0x0 linker stubs

.v4_bx          0x000000000000c410        0x0
 .v4_bx         0x000000000000c410        0x0 linker stubs

.iplt           0x000000000000c410        0x0
 .iplt          0x000000000000c410        0x0 /Applications/FEH_ARM/bin/../lib/gcc/arm-none-eabi/10.3.1/thumb/v7e-m/nofp/crtbegin.o

.text           0x000000000000c440     0x9f80
 *(.text*)
 .text          0x000000000000c440       0x40 /Applications/FEH_ARM/bin/../lib/gcc/arm-none-eabi/10.3.1/thumb/v7e-m/nofp/crtbegin.o
 .text._ZSt4fabsf
                0x000000000000c480       0x18 ../main.o
                0x000000000000c480                std::fabs(float)
 .text._Z5driveffi
                0x000000000000c498      0x190 ../main.o
                0x000000000000c498                drive(float, float, int)
 .text._Z5align15DigitalInputPinS_fi
                0x000000000000c628      0x2e0 ../main.o
                0x000000000000c628                align(DigitalInputPin, DigitalInputPin, float, int)
 .text._Z22rotateCounterclockwiseiii
                0x000000000000c908       0xfc ../main.o
                0x000000000000c908                rotateCounterclockwise(int, int, int)
 *fill*         0x000000000000ca04        0x4 
 .text._Z5pivot8FEHMotor14DigitalEncoderiii
                0x000000000000ca08       0xc4 ../main.o
                0x000000000000ca08                pivot(FEHMotor, DigitalEncoder, int, int, int)
 *fill*         0x000000000000cacc        0x4 
 .text._Z9adjustPID14DigitalEncoderfPfS0_S0_S0_S0_
                0x000000000000cad0      0x158 ../main.o
                0x000000000000cad0                adjustPID(DigitalEncoder, float, float*, float*, float*, float*, float*)
 .text._Z21pulseCounterclockwiseif
                0x000000000000cc28       0x50 ../main.o
                0x000000000000cc28                pulseCounterclockwise(int, float)
 .text._Z13adjustHeadingf
                0x000000000000cc78      0x1b0 ../main.o
                0x000000000000cc78                adjustHeading(float)
 .text._Z15initializeBladev
                0x000000000000ce28       0x44 ../main.o
                0x000000000000ce28                initializeBlade()
 .text._Z9moveBladei
                0x000000000000ce6c       0x24 ../main.o
                0x000000000000ce6c                moveBlade(int)
 .text._Z11rotateBladei
                0x000000000000ce90       0x24 ../main.o
                0x000000000000ce90                rotateBlade(int)
 .text._Z14determineColorf
                0x000000000000ceb4       0x44 ../main.o
                0x000000000000ceb4                determineColor(float)
 .text._Z12scanForLight15DigitalInputPinS_fi
                0x000000000000cef8      0x30c ../main.o
                0x000000000000cef8                scanForLight(DigitalInputPin, DigitalInputPin, float, int)
 *fill*         0x000000000000d204        0x4 
 .text._Z11completeRunv
                0x000000000000d208      0x500 ../main.o
                0x000000000000d208                completeRun()
 .text.main     0x000000000000d708        0xe ../main.o
                0x000000000000d708                main
 *fill*         0x000000000000d716        0x2 
 .text._Z41__static_initialization_and_destruction_0ii
                0x000000000000d718       0xb0 ../main.o
 .text._GLOBAL__sub_I_lightSensor
                0x000000000000d7c8       0x10 ../main.o
 .text.PORTD_IRQHandler
                0x000000000000d7d8       0x50 Startup/startup_mk60d10.o
                0x000000000000d7d8                PORTD_IRQHandler
 .text._Z15InitPowerButtonv
                0x000000000000d828       0x60 Startup/startup_mk60d10.o
                0x000000000000d828                InitPowerButton()
 .text._ZL11pll_init_blv
                0x000000000000d888       0xe0 Startup/startup_mk60d10.o
 .text._Z14InitFEHProteusv
                0x000000000000d968       0xec Startup/startup_mk60d10.o
                0x000000000000d968                InitFEHProteus()
 .text.DMA0_IRQHandler
                0x000000000000da54        0xc Startup/startup_mk60d10.o
                0x000000000000da54                DMA0_IRQHandler
 .text.DMA1_IRQHandler
                0x000000000000da60        0xc Startup/startup_mk60d10.o
                0x000000000000da60                DMA1_IRQHandler
 .text.DMA2_IRQHandler
                0x000000000000da6c        0xc Startup/startup_mk60d10.o
                0x000000000000da6c                DMA2_IRQHandler
 .text.DMA3_IRQHandler
                0x000000000000da78        0xc Startup/startup_mk60d10.o
                0x000000000000da78                DMA3_IRQHandler
 .text.DMA4_IRQHandler
                0x000000000000da84        0xc Startup/startup_mk60d10.o
                0x000000000000da84                DMA4_IRQHandler
 .text.DMA5_IRQHandler
                0x000000000000da90        0xc Startup/startup_mk60d10.o
                0x000000000000da90                DMA5_IRQHandler
 .text.DMA6_IRQHandler
                0x000000000000da9c        0xc Startup/startup_mk60d10.o
                0x000000000000da9c                DMA6_IRQHandler
 .text.DMA7_IRQHandler
                0x000000000000daa8        0xc Startup/startup_mk60d10.o
                0x000000000000daa8                DMA7_IRQHandler
 .text.DMA8_IRQHandler
                0x000000000000dab4        0xc Startup/startup_mk60d10.o
                0x000000000000dab4                DMA8_IRQHandler
 .text.DMA9_IRQHandler
                0x000000000000dac0        0xc Startup/startup_mk60d10.o
                0x000000000000dac0                DMA9_IRQHandler
 .text.DMA10_IRQHandler
                0x000000000000dacc        0xc Startup/startup_mk60d10.o
                0x000000000000dacc                DMA10_IRQHandler
 .text.DMA11_IRQHandler
                0x000000000000dad8        0xc Startup/startup_mk60d10.o
                0x000000000000dad8                DMA11_IRQHandler
 .text.DMA12_IRQHandler
                0x000000000000dae4        0xc Startup/startup_mk60d10.o
                0x000000000000dae4                DMA12_IRQHandler
 .text.DMA13_IRQHandler
                0x000000000000daf0        0xc Startup/startup_mk60d10.o
                0x000000000000daf0                DMA13_IRQHandler
 .text.DMA14_IRQHandler
                0x000000000000dafc        0xc Startup/startup_mk60d10.o
                0x000000000000dafc                DMA14_IRQHandler
 .text.DMA15_IRQHandler
                0x000000000000db08        0xc Startup/startup_mk60d10.o
                0x000000000000db08                DMA15_IRQHandler
 .text.DMA_Error_IRQHandler
                0x000000000000db14        0xc Startup/startup_mk60d10.o
                0x000000000000db14                DMA_Error_IRQHandler
 .text.MCM_IRQHandler
                0x000000000000db20        0xc Startup/startup_mk60d10.o
                0x000000000000db20                MCM_IRQHandler
 .text.FTFL_IRQHandler
                0x000000000000db2c        0xc Startup/startup_mk60d10.o
                0x000000000000db2c                FTFL_IRQHandler
 .text.Read_Collision_IRQHandler
                0x000000000000db38        0xc Startup/startup_mk60d10.o
                0x000000000000db38                Read_Collision_IRQHandler
 .text.LVD_LVW_IRQHandler
                0x000000000000db44        0xc Startup/startup_mk60d10.o
                0x000000000000db44                LVD_LVW_IRQHandler
 .text.LLWU_IRQHandler
                0x000000000000db50        0xc Startup/startup_mk60d10.o
                0x000000000000db50                LLWU_IRQHandler
 .text.WDOG_EWM_IRQHandler
                0x000000000000db5c        0xc Startup/startup_mk60d10.o
                0x000000000000db5c                WDOG_EWM_IRQHandler
 .text.RNG_IRQHandler
                0x000000000000db68        0xc Startup/startup_mk60d10.o
                0x000000000000db68                RNG_IRQHandler
 .text.I2C0_IRQHandler
                0x000000000000db74        0xc Startup/startup_mk60d10.o
                0x000000000000db74                I2C0_IRQHandler
 .text.I2C1_IRQHandler
                0x000000000000db80        0xc Startup/startup_mk60d10.o
                0x000000000000db80                I2C1_IRQHandler
 .text.SPI0_IRQHandler
                0x000000000000db8c        0xc Startup/startup_mk60d10.o
                0x000000000000db8c                SPI0_IRQHandler
 .text.SPI1_IRQHandler
                0x000000000000db98        0xc Startup/startup_mk60d10.o
                0x000000000000db98                SPI1_IRQHandler
 .text.SPI2_IRQHandler
                0x000000000000dba4        0xc Startup/startup_mk60d10.o
                0x000000000000dba4                SPI2_IRQHandler
 .text.CAN0_ORed_Message_buffer_IRQHandler
                0x000000000000dbb0        0xc Startup/startup_mk60d10.o
                0x000000000000dbb0                CAN0_ORed_Message_buffer_IRQHandler
 .text.CAN0_Bus_Off_IRQHandler
                0x000000000000dbbc        0xc Startup/startup_mk60d10.o
                0x000000000000dbbc                CAN0_Bus_Off_IRQHandler
 .text.CAN0_Error_IRQHandler
                0x000000000000dbc8        0xc Startup/startup_mk60d10.o
                0x000000000000dbc8                CAN0_Error_IRQHandler
 .text.CAN0_Tx_Warning_IRQHandler
                0x000000000000dbd4        0xc Startup/startup_mk60d10.o
                0x000000000000dbd4                CAN0_Tx_Warning_IRQHandler
 .text.CAN0_Rx_Warning_IRQHandler
                0x000000000000dbe0        0xc Startup/startup_mk60d10.o
                0x000000000000dbe0                CAN0_Rx_Warning_IRQHandler
 .text.CAN0_Wake_Up_IRQHandler
                0x000000000000dbec        0xc Startup/startup_mk60d10.o
                0x000000000000dbec                CAN0_Wake_Up_IRQHandler
 .text.I2S0_Tx_IRQHandler
                0x000000000000dbf8        0xc Startup/startup_mk60d10.o
                0x000000000000dbf8                I2S0_Tx_IRQHandler
 .text.I2S0_Rx_IRQHandler
                0x000000000000dc04        0xc Startup/startup_mk60d10.o
                0x000000000000dc04                I2S0_Rx_IRQHandler
 .text.CAN1_ORed_Message_buffer_IRQHandler
                0x000000000000dc10        0xc Startup/startup_mk60d10.o
                0x000000000000dc10                CAN1_ORed_Message_buffer_IRQHandler
 .text.CAN1_Bus_Off_IRQHandler
                0x000000000000dc1c        0xc Startup/startup_mk60d10.o
                0x000000000000dc1c                CAN1_Bus_Off_IRQHandler
 .text.CAN1_Error_IRQHandler
                0x000000000000dc28        0xc Startup/startup_mk60d10.o
                0x000000000000dc28                CAN1_Error_IRQHandler
 .text.CAN1_Tx_Warning_IRQHandler
                0x000000000000dc34        0xc Startup/startup_mk60d10.o
                0x000000000000dc34                CAN1_Tx_Warning_IRQHandler
 .text.CAN1_Rx_Warning_IRQHandler
                0x000000000000dc40        0xc Startup/startup_mk60d10.o
                0x000000000000dc40                CAN1_Rx_Warning_IRQHandler
 .text.CAN1_Wake_Up_IRQHandler
                0x000000000000dc4c        0xc Startup/startup_mk60d10.o
                0x000000000000dc4c                CAN1_Wake_Up_IRQHandler
 .text.Reserved59_IRQHandler
                0x000000000000dc58        0xc Startup/startup_mk60d10.o
                0x000000000000dc58                Reserved59_IRQHandler
 .text.UART0_LON_IRQHandler
                0x000000000000dc64        0xc Startup/startup_mk60d10.o
                0x000000000000dc64                UART0_LON_IRQHandler
 .text.UART0_ERR_IRQHandler
                0x000000000000dc70        0xc Startup/startup_mk60d10.o
                0x000000000000dc70                UART0_ERR_IRQHandler
 .text.UART1_RX_TX_IRQHandler
                0x000000000000dc7c        0xc Startup/startup_mk60d10.o
                0x000000000000dc7c                UART1_RX_TX_IRQHandler
 .text.UART1_ERR_IRQHandler
                0x000000000000dc88        0xc Startup/startup_mk60d10.o
                0x000000000000dc88                UART1_ERR_IRQHandler
 .text.UART2_RX_TX_IRQHandler
                0x000000000000dc94        0xc Startup/startup_mk60d10.o
                0x000000000000dc94                UART2_RX_TX_IRQHandler
 .text.UART2_ERR_IRQHandler
                0x000000000000dca0        0xc Startup/startup_mk60d10.o
                0x000000000000dca0                UART2_ERR_IRQHandler
 .text.UART3_RX_TX_IRQHandler
                0x000000000000dcac        0xc Startup/startup_mk60d10.o
                0x000000000000dcac                UART3_RX_TX_IRQHandler
 .text.UART3_ERR_IRQHandler
                0x000000000000dcb8        0xc Startup/startup_mk60d10.o
                0x000000000000dcb8                UART3_ERR_IRQHandler
 .text.UART4_RX_TX_IRQHandler
                0x000000000000dcc4        0xc Startup/startup_mk60d10.o
                0x000000000000dcc4                UART4_RX_TX_IRQHandler
 .text.UART4_ERR_IRQHandler
                0x000000000000dcd0        0xc Startup/startup_mk60d10.o
                0x000000000000dcd0                UART4_ERR_IRQHandler
 .text.UART5_RX_TX_IRQHandler
                0x000000000000dcdc        0xc Startup/startup_mk60d10.o
                0x000000000000dcdc                UART5_RX_TX_IRQHandler
 .text.UART5_ERR_IRQHandler
                0x000000000000dce8        0xc Startup/startup_mk60d10.o
                0x000000000000dce8                UART5_ERR_IRQHandler
 .text.ADC0_IRQHandler
                0x000000000000dcf4        0xc Startup/startup_mk60d10.o
                0x000000000000dcf4                ADC0_IRQHandler
 .text.ADC1_IRQHandler
                0x000000000000dd00        0xc Startup/startup_mk60d10.o
                0x000000000000dd00                ADC1_IRQHandler
 .text.CMP0_IRQHandler
                0x000000000000dd0c        0xc Startup/startup_mk60d10.o
                0x000000000000dd0c                CMP0_IRQHandler
 .text.CMP1_IRQHandler
                0x000000000000dd18        0xc Startup/startup_mk60d10.o
                0x000000000000dd18                CMP1_IRQHandler
 .text.CMP2_IRQHandler
                0x000000000000dd24        0xc Startup/startup_mk60d10.o
                0x000000000000dd24                CMP2_IRQHandler
 .text.FTM0_IRQHandler
                0x000000000000dd30        0xc Startup/startup_mk60d10.o
                0x000000000000dd30                FTM0_IRQHandler
 .text.FTM1_IRQHandler
                0x000000000000dd3c        0xc Startup/startup_mk60d10.o
                0x000000000000dd3c                FTM1_IRQHandler
 .text.FTM2_IRQHandler
                0x000000000000dd48        0xc Startup/startup_mk60d10.o
                0x000000000000dd48                FTM2_IRQHandler
 .text.CMT_IRQHandler
                0x000000000000dd54        0xc Startup/startup_mk60d10.o
                0x000000000000dd54                CMT_IRQHandler
 .text.RTC_IRQHandler
                0x000000000000dd60        0xc Startup/startup_mk60d10.o
                0x000000000000dd60                RTC_IRQHandler
 .text.RTC_Seconds_IRQHandler
                0x000000000000dd6c        0xc Startup/startup_mk60d10.o
                0x000000000000dd6c                RTC_Seconds_IRQHandler
 .text.PIT1_IRQHandler
                0x000000000000dd78        0xc Startup/startup_mk60d10.o
                0x000000000000dd78                PIT1_IRQHandler
 .text.PIT2_IRQHandler
                0x000000000000dd84        0xc Startup/startup_mk60d10.o
                0x000000000000dd84                PIT2_IRQHandler
 .text.PIT3_IRQHandler
                0x000000000000dd90        0xc Startup/startup_mk60d10.o
                0x000000000000dd90                PIT3_IRQHandler
 .text.PDB0_IRQHandler
                0x000000000000dd9c        0xc Startup/startup_mk60d10.o
                0x000000000000dd9c                PDB0_IRQHandler
 .text.USB0_IRQHandler
                0x000000000000dda8        0xc Startup/startup_mk60d10.o
                0x000000000000dda8                USB0_IRQHandler
 .text.USBDCD_IRQHandler
                0x000000000000ddb4        0xc Startup/startup_mk60d10.o
                0x000000000000ddb4                USBDCD_IRQHandler
 .text.ENET_1588_Timer_IRQHandler
                0x000000000000ddc0        0xc Startup/startup_mk60d10.o
                0x000000000000ddc0                ENET_1588_Timer_IRQHandler
 .text.ENET_Transmit_IRQHandler
                0x000000000000ddcc        0xc Startup/startup_mk60d10.o
                0x000000000000ddcc                ENET_Transmit_IRQHandler
 .text.ENET_Receive_IRQHandler
                0x000000000000ddd8        0xc Startup/startup_mk60d10.o
                0x000000000000ddd8                ENET_Receive_IRQHandler
 .text.ENET_Error_IRQHandler
                0x000000000000dde4        0xc Startup/startup_mk60d10.o
                0x000000000000dde4                ENET_Error_IRQHandler
 .text.Reserved95_IRQHandler
                0x000000000000ddf0        0xc Startup/startup_mk60d10.o
                0x000000000000ddf0                Reserved95_IRQHandler
 .text.SDHC_IRQHandler
                0x000000000000ddfc        0xc Startup/startup_mk60d10.o
                0x000000000000ddfc                SDHC_IRQHandler
 .text.DAC0_IRQHandler
                0x000000000000de08        0xc Startup/startup_mk60d10.o
                0x000000000000de08                DAC0_IRQHandler
 .text.DAC1_IRQHandler
                0x000000000000de14        0xc Startup/startup_mk60d10.o
                0x000000000000de14                DAC1_IRQHandler
 .text.TSI0_IRQHandler
                0x000000000000de20        0xc Startup/startup_mk60d10.o
                0x000000000000de20                TSI0_IRQHandler
 .text.MCG_IRQHandler
                0x000000000000de2c        0xc Startup/startup_mk60d10.o
                0x000000000000de2c                MCG_IRQHandler
 .text.LPTMR0_IRQHandler
                0x000000000000de38        0xc Startup/startup_mk60d10.o
                0x000000000000de38                LPTMR0_IRQHandler
 .text.Reserved102_IRQHandler
                0x000000000000de44        0xc Startup/startup_mk60d10.o
                0x000000000000de44                Reserved102_IRQHandler
 .text.Reserved108_IRQHandler
                0x000000000000de50        0xc Startup/startup_mk60d10.o
                0x000000000000de50                Reserved108_IRQHandler
 .text.Reserved109_IRQHandler
                0x000000000000de5c        0xc Startup/startup_mk60d10.o
                0x000000000000de5c                Reserved109_IRQHandler
 .text.SWI_IRQHandler
                0x000000000000de68        0xc Startup/startup_mk60d10.o
                0x000000000000de68                SWI_IRQHandler
 *fill*         0x000000000000de74        0x4 
 .text._ZN8FEHMotorC2ENS_12FEHMotorPortEf
                0x000000000000de78       0x7c Libraries/FEHMotor.o
                0x000000000000de78                FEHMotor::FEHMotor(FEHMotor::FEHMotorPort, float)
                0x000000000000de78                FEHMotor::FEHMotor(FEHMotor::FEHMotorPort, float)
 .text._ZN8FEHMotor4StopEv
                0x000000000000def4       0x30 Libraries/FEHMotor.o
                0x000000000000def4                FEHMotor::Stop()
 .text._ZN8FEHMotor8SetPowerEi
                0x000000000000df24       0x54 Libraries/FEHMotor.o
                0x000000000000df24                FEHMotor::SetPower(int)
 .text._ZN8FEHMotor10SetPercentEf
                0x000000000000df78       0xf8 Libraries/FEHMotor.o
                0x000000000000df78                FEHMotor::SetPercent(float)
 .text._Z21IIC_StartTransmissionhh
                0x000000000000e070       0x6c Drivers/i2c.o
                0x000000000000e070                IIC_StartTransmission(unsigned char, unsigned char)
 .text._Z5Pausev
                0x000000000000e0dc       0x24 Drivers/i2c.o
                0x000000000000e0dc                Pause()
 .text._Z21MMA8451QWriteRegisterhh
                0x000000000000e100       0x68 Drivers/i2c.o
                0x000000000000e100                MMA8451QWriteRegister(unsigned char, unsigned char)
 .text._Z8i2c_Waitv
                0x000000000000e168       0x6c Drivers/i2c.o
                0x000000000000e168                i2c_Wait()
 .text._Z12SPI_SendCharh
                0x000000000000e1d4       0x1a Drivers/spi.o
                0x000000000000e1d4                SPI_SendChar(unsigned char)
 .text._Z16SPI_WriteCommandhh
                0x000000000000e1ee       0x34 Drivers/spi.o
                0x000000000000e1ee                SPI_WriteCommand(unsigned char, unsigned char)
 .text._Z11SPI_GetCharv
                0x000000000000e222       0x10 Drivers/spi.o
                0x000000000000e222                SPI_GetChar()
 .text._Z15SPI_ReadCommandh
                0x000000000000e232       0x38 Drivers/spi.o
                0x000000000000e232                SPI_ReadCommand(unsigned char)
 *fill*         0x000000000000e26a        0x2 
 .text._Z13SPI_CS_Assertv
                0x000000000000e26c       0x1c Drivers/spi.o
                0x000000000000e26c                SPI_CS_Assert()
 .text._Z15SPI_CS_Deassertv
                0x000000000000e288       0x1c Drivers/spi.o
                0x000000000000e288                SPI_CS_Deassert()
 .text._Z12SPI_Transferh
                0x000000000000e2a4       0x6c Drivers/spi.o
                0x000000000000e2a4                SPI_Transfer(unsigned char)
 .text._Z8SPI_Initv
                0x000000000000e310       0xa0 Drivers/spi.o
                0x000000000000e310                SPI_Init()
 .text._Z9uart_initPV11UART_MemMapii
                0x000000000000e3b0      0x174 Drivers/uart.o
                0x000000000000e3b0                uart_init(UART_MemMap volatile*, int, int)
 .text._Z12uart_getcharPV11UART_MemMap
                0x000000000000e524       0x32 Drivers/uart.o
                0x000000000000e524                uart_getchar(UART_MemMap volatile*)
 .text._Z12uart_putcharPV11UART_MemMapc
                0x000000000000e556       0x32 Drivers/uart.o
                0x000000000000e556                uart_putchar(UART_MemMap volatile*, char)
 .text._ZL7mem_setPvij
                0x000000000000e588       0x3c Drivers/ff.o
 .text._ZL11move_windowP5FATFSm
                0x000000000000e5c4       0xc8 Drivers/ff.o
 .text._ZL4syncP5FATFS
                0x000000000000e68c      0x14c Drivers/ff.o
 .text._ZL8validateP5FATFSt
                0x000000000000e7d8       0x54 Drivers/ff.o
 .text._Z6f_syncP3FIL
                0x000000000000e82c      0x186 Drivers/ff.o
                0x000000000000e82c                f_sync(FIL*)
 .text._Z7f_closeP3FIL
                0x000000000000e9b2       0x28 Drivers/ff.o
                0x000000000000e9b2                f_close(FIL*)
 *fill*         0x000000000000e9da        0x2 
 .text._ZL17SDHC_set_baudratemm
                0x000000000000e9dc       0xe8 Drivers/SDHC.o
 .text._Z9SDHC_initP17esdhc_info_structPK17esdhc_init_struct
                0x000000000000eac4      0x130 Drivers/SDHC.o
                0x000000000000eac4                SDHC_init(esdhc_info_struct*, esdhc_init_struct const*)
 .text._ZL15SDHC_is_runningv
                0x000000000000ebf4       0x24 Drivers/SDHC.o
 .text._ZL16SDHC_status_waitm
                0x000000000000ec18       0x2c Drivers/SDHC.o
 .text._ZL17SDHC_send_commandP20esdhc_command_struct
                0x000000000000ec44      0x1f8 Drivers/SDHC.o
 .text._Z10SDHC_ioctlmPv
                0x000000000000ee3c      0x6f0 Drivers/SDHC.o
                0x000000000000ee3c                SDHC_ioctl(unsigned long, void*)
 .text._ZL14rcvr_datablockPhm
                0x000000000000f52c       0xf0 Drivers/SDHC.o
 .text._Z9disk_readhPhmh
                0x000000000000f61c      0x124 Drivers/SDHC.o
                0x000000000000f61c                disk_read(unsigned char, unsigned char*, unsigned long, unsigned char)
 .text._ZL14xmit_datablockPKhm
                0x000000000000f740       0xa4 Drivers/SDHC.o
 .text._Z10disk_writehPKhmh
                0x000000000000f7e4      0x198 Drivers/SDHC.o
                0x000000000000f7e4                disk_write(unsigned char, unsigned char const*, unsigned long, unsigned char)
 .text._Z10disk_ioctlhhPv
                0x000000000000f97c      0x104 Drivers/SDHC.o
                0x000000000000f97c                disk_ioctl(unsigned char, unsigned char, void*)
 .text._Z11disk_statush
                0x000000000000fa80       0x28 Drivers/SDHC.o
                0x000000000000fa80                disk_status(unsigned char)
 .text._Z13time_delay_msm
                0x000000000000faa8       0x6c Drivers/lptmr.o
                0x000000000000faa8                time_delay_ms(unsigned long)
 .text._Z41__static_initialization_and_destruction_0ii
                0x000000000000fb14       0x2c FEHProteus.o
 .text._GLOBAL__sub_I_Propeller
                0x000000000000fb40       0x10 FEHProteus.o
 .text._ZN12FEHPropellerC2Ev
                0x000000000000fb50       0x1a Drivers/FEHPropeller.o
                0x000000000000fb50                FEHPropeller::FEHPropeller()
                0x000000000000fb50                FEHPropeller::FEHPropeller()
 *fill*         0x000000000000fb6a        0x2 
 .text._ZN12FEHPropeller10InitializeEv
                0x000000000000fb6c       0x74 Drivers/FEHPropeller.o
                0x000000000000fb6c                FEHPropeller::Initialize()
 .text._ZN12FEHPropeller12SetMotorRateEhhh
                0x000000000000fbe0       0x5c Drivers/FEHPropeller.o
                0x000000000000fbe0                FEHPropeller::SetMotorRate(unsigned char, unsigned char, unsigned char)
 .text._ZL5Delaymjj
                0x000000000000fc3c       0x94 Libraries/FEHUtility.o
 .text._Z5Sleepi
                0x000000000000fcd0       0x2c Libraries/FEHUtility.o
                0x000000000000fcd0                Sleep(int)
 .text._Z5Sleepf
                0x000000000000fcfc       0x40 Libraries/FEHUtility.o
                0x000000000000fcfc                Sleep(float)
 .text._Z5Sleepd
                0x000000000000fd3c       0x4c Libraries/FEHUtility.o
                0x000000000000fd3c                Sleep(double)
 .text._Z7TimeNowv
                0x000000000000fd88       0x5c Libraries/FEHUtility.o
                0x000000000000fd88                TimeNow()
 .text._Z11TimeNowMSecv
                0x000000000000fde4       0x38 Libraries/FEHUtility.o
                0x000000000000fde4                TimeNowMSec()
 .text._ZN15DigitalInputPinC2EN5FEHIO8FEHIOPinE
                0x000000000000fe1c       0x20 Libraries/FEHIO.o
                0x000000000000fe1c                DigitalInputPin::DigitalInputPin(FEHIO::FEHIOPin)
                0x000000000000fe1c                DigitalInputPin::DigitalInputPin(FEHIO::FEHIOPin)
 .text._ZN15DigitalInputPin10InitializeEN5FEHIO8FEHIOPinE
                0x000000000000fe3c      0x198 Libraries/FEHIO.o
                0x000000000000fe3c                DigitalInputPin::Initialize(FEHIO::FEHIOPin)
 .text._ZN15DigitalInputPin5ValueEv
                0x000000000000ffd4      0x108 Libraries/FEHIO.o
                0x000000000000ffd4                DigitalInputPin::Value()
 .text._ZN14DigitalEncoderC2EN5FEHIO8FEHIOPinE
                0x00000000000100dc       0x26 Libraries/FEHIO.o
                0x00000000000100dc                DigitalEncoder::DigitalEncoder(FEHIO::FEHIOPin)
                0x00000000000100dc                DigitalEncoder::DigitalEncoder(FEHIO::FEHIOPin)
 *fill*         0x0000000000010102        0x2 
 .text._Z10enable_irqi
                0x0000000000010104      0x11c Libraries/FEHIO.o
                0x0000000000010104                enable_irq(int)
 .text._ZN14DigitalEncoder10InitializeEN5FEHIO8FEHIOPinENS0_21FEHIOInterruptTriggerE
                0x0000000000010220      0x1a8 Libraries/FEHIO.o
                0x0000000000010220                DigitalEncoder::Initialize(FEHIO::FEHIOPin, FEHIO::FEHIOInterruptTrigger)
 .text._Z16PORTB_IRQHandlerv
                0x00000000000103c8       0x9c Libraries/FEHIO.o
                0x00000000000103c8                PORTB_IRQHandler()
 .text._Z16PORTC_IRQHandlerv
                0x0000000000010464       0x9c Libraries/FEHIO.o
                0x0000000000010464                PORTC_IRQHandler()
 .text._Z16PORTA_IRQHandlerv
                0x0000000000010500       0xa0 Libraries/FEHIO.o
                0x0000000000010500                PORTA_IRQHandler()
 .text._Z16PORTE_IRQHandlerv
                0x00000000000105a0       0x98 Libraries/FEHIO.o
                0x00000000000105a0                PORTE_IRQHandler()
 .text._ZN14DigitalEncoder6CountsEv
                0x0000000000010638       0x24 Libraries/FEHIO.o
                0x0000000000010638                DigitalEncoder::Counts()
 .text._ZN14DigitalEncoder11ResetCountsEv
                0x000000000001065c       0x24 Libraries/FEHIO.o
                0x000000000001065c                DigitalEncoder::ResetCounts()
 .text._ZN14AnalogInputPinC2EN5FEHIO8FEHIOPinE
                0x0000000000010680       0x1e Libraries/FEHIO.o
                0x0000000000010680                AnalogInputPin::AnalogInputPin(FEHIO::FEHIOPin)
                0x0000000000010680                AnalogInputPin::AnalogInputPin(FEHIO::FEHIOPin)
 *fill*         0x000000000001069e        0x2 
 .text._ZN14AnalogInputPin5ValueEv
                0x00000000000106a0      0x120 Libraries/FEHIO.o
                0x00000000000106a0                AnalogInputPin::Value()
 .text._ZN13AnalogEncoder12EncoderValueEv
                0x00000000000107c0       0xb0 Libraries/FEHIO.o
                0x00000000000107c0                AnalogEncoder::EncoderValue()
 .text._ZN14AnalogInputPin8InitADCsEv
                0x0000000000010870       0x98 Libraries/FEHIO.o
                0x0000000000010870                AnalogInputPin::InitADCs()
 .text._Z15PIT0_IRQHandlerv
                0x0000000000010908       0x28 Libraries/FEHIO.o
                0x0000000000010908                PIT0_IRQHandler()
 .text._ZN13AnalogEncoder4InitEv
                0x0000000000010930       0x44 Libraries/FEHIO.o
                0x0000000000010930                AnalogEncoder::Init()
 .text._ZN13AnalogEncoder14SetCounterInitEj
                0x0000000000010974       0x20 Libraries/FEHIO.o
                0x0000000000010974                AnalogEncoder::SetCounterInit(unsigned int)
 .text._ZN13AnalogEncoder10ProcessIntEv
                0x0000000000010994       0x68 Libraries/FEHIO.o
                0x0000000000010994                AnalogEncoder::ProcessInt()
 .text._ZN13AnalogEncoder14ProcessIntSelfEv
                0x00000000000109fc       0x6e Libraries/FEHIO.o
                0x00000000000109fc                AnalogEncoder::ProcessIntSelf()
 .text._Z7ADC_CalPV10ADC_MemMap
                0x0000000000010a6a      0x13e Drivers/adc16.o
                0x0000000000010a6a                ADC_Cal(ADC_MemMap volatile*)
 .text._Z14ADC_Config_AltPV10ADC_MemMapP7adc_cfg
                0x0000000000010ba8       0x6c Drivers/adc16.o
                0x0000000000010ba8                ADC_Config_Alt(ADC_MemMap volatile*, adc_cfg*)
 .text._ZN9FEHBuzzerC2Ev
                0x0000000000010c14       0x14 Libraries/FEHBuzzer.o
                0x0000000000010c14                FEHBuzzer::FEHBuzzer()
                0x0000000000010c14                FEHBuzzer::FEHBuzzer()
 .text._Z41__static_initialization_and_destruction_0ii
                0x0000000000010c28       0x2c Libraries/FEHBuzzer.o
 .text._GLOBAL__sub_I_Buzzer
                0x0000000000010c54       0x10 Libraries/FEHBuzzer.o
 .text._ZN8FEHServoC2ENS_12FEHServoPortE
                0x0000000000010c64       0x38 Libraries/FEHServo.o
                0x0000000000010c64                FEHServo::FEHServo(FEHServo::FEHServoPort)
                0x0000000000010c64                FEHServo::FEHServo(FEHServo::FEHServoPort)
 .text._ZN8FEHServo6SetMinEi
                0x0000000000010c9c       0x3a Libraries/FEHServo.o
                0x0000000000010c9c                FEHServo::SetMin(int)
 .text._ZN8FEHServo6SetMaxEi
                0x0000000000010cd6       0x3a Libraries/FEHServo.o
                0x0000000000010cd6                FEHServo::SetMax(int)
 .text._ZN8FEHServo9SetDegreeEf
                0x0000000000010d10       0xf8 Libraries/FEHServo.o
                0x0000000000010d10                FEHServo::SetDegree(float)
 .text._ZN6FEHLCD11_InitializeEv
                0x0000000000010e08      0x410 Libraries/FEHLCD.o
                0x0000000000010e08                FEHLCD::_Initialize()
 .text._ZN6FEHLCDC2Ev
                0x0000000000011218       0x50 Libraries/FEHLCD.o
                0x0000000000011218                FEHLCD::FEHLCD()
                0x0000000000011218                FEHLCD::FEHLCD()
 .text._ZN6FEHLCD10InitializeEv
                0x0000000000011268       0x28 Libraries/FEHLCD.o
                0x0000000000011268                FEHLCD::Initialize()
 .text._ZN6FEHLCD10PrintImageEii
                0x0000000000011290       0xbc Libraries/FEHLCD.o
                0x0000000000011290                FEHLCD::PrintImage(int, int)
 .text._ZN6FEHLCD9PrintLogoEii
                0x000000000001134c       0xbc Libraries/FEHLCD.o
                0x000000000001134c                FEHLCD::PrintLogo(int, int)
 .text._ZN6FEHLCD22ConvertFEHColorTo24BitENS_11FEHLCDColorE
                0x0000000000011408       0x78 Libraries/FEHLCD.o
                0x0000000000011408                FEHLCD::ConvertFEHColorTo24Bit(FEHLCD::FEHLCDColor)
 .text._ZN6FEHLCD24Convert24BitColorTo16BitEj
                0x0000000000011480       0x30 Libraries/FEHLCD.o
                0x0000000000011480                FEHLCD::Convert24BitColorTo16Bit(unsigned int)
 .text._ZN6FEHLCD22ConvertRGBColorTo16BitEhhh
                0x00000000000114b0       0x4a Libraries/FEHLCD.o
                0x00000000000114b0                FEHLCD::ConvertRGBColorTo16Bit(unsigned char, unsigned char, unsigned char)
 .text._ZN6FEHLCD5ClearENS_11FEHLCDColorE
                0x00000000000114fa       0x28 Libraries/FEHLCD.o
                0x00000000000114fa                FEHLCD::Clear(FEHLCD::FEHLCDColor)
 .text._ZN6FEHLCD5ClearEj
                0x0000000000011522       0x2c Libraries/FEHLCD.o
                0x0000000000011522                FEHLCD::Clear(unsigned int)
 .text._ZN6FEHLCD5ClearEv
                0x000000000001154e       0x16 Libraries/FEHLCD.o
                0x000000000001154e                FEHLCD::Clear()
 .text._ZN6FEHLCD18SetBackgroundColorENS_11FEHLCDColorE
                0x0000000000011564       0x28 Libraries/FEHLCD.o
                0x0000000000011564                FEHLCD::SetBackgroundColor(FEHLCD::FEHLCDColor)
 .text._ZN6FEHLCD18SetBackgroundColorEj
                0x000000000001158c       0x26 Libraries/FEHLCD.o
                0x000000000001158c                FEHLCD::SetBackgroundColor(unsigned int)
 .text._ZN6FEHLCD12SetFontColorENS_11FEHLCDColorE
                0x00000000000115b2       0x28 Libraries/FEHLCD.o
                0x00000000000115b2                FEHLCD::SetFontColor(FEHLCD::FEHLCDColor)
 .text._ZN6FEHLCD12SetFontColorEj
                0x00000000000115da       0x26 Libraries/FEHLCD.o
                0x00000000000115da                FEHLCD::SetFontColor(unsigned int)
 .text._ZN6FEHLCD7WriteAtEPKcii
                0x0000000000011600       0x46 Libraries/FEHLCD.o
                0x0000000000011600                FEHLCD::WriteAt(char const*, int, int)
 .text._ZN6FEHLCD11TS_SPI_InitEv
                0x0000000000011646       0x7c Libraries/FEHLCD.o
                0x0000000000011646                FEHLCD::TS_SPI_Init()
 *fill*         0x00000000000116c2        0x6 
 .text._ZN6FEHLCD5TouchEPfS0_
                0x00000000000116c8      0x1fc Libraries/FEHLCD.o
                0x00000000000116c8                FEHLCD::Touch(float*, float*)
 .text._ZN6FEHLCD3absEi
                0x00000000000118c4       0x22 Libraries/FEHLCD.o
                0x00000000000118c4                FEHLCD::abs(int)
 .text._ZN6FEHLCD5WriteEPKc
                0x00000000000118e6       0x4e Libraries/FEHLCD.o
                0x00000000000118e6                FEHLCD::Write(char const*)
 .text._ZN6FEHLCD5WriteEc
                0x0000000000011934       0x30 Libraries/FEHLCD.o
                0x0000000000011934                FEHLCD::Write(char)
 .text._ZN6FEHLCD9WriteLineEPKc
                0x0000000000011964       0x26 Libraries/FEHLCD.o
                0x0000000000011964                FEHLCD::WriteLine(char const*)
 .text._ZN6FEHLCD9WriteLineEc
                0x000000000001198a       0x2a Libraries/FEHLCD.o
                0x000000000001198a                FEHLCD::WriteLine(char)
 .text._ZN6FEHLCD10WriteIndexEh
                0x00000000000119b4      0x14c Libraries/FEHLCD.o
                0x00000000000119b4                FEHLCD::WriteIndex(unsigned char)
 .text._ZN6FEHLCD14WriteParameterEh
                0x0000000000011b00      0x130 Libraries/FEHLCD.o
                0x0000000000011b00                FEHLCD::WriteParameter(unsigned char)
 .text._ZN6FEHLCD6_ClearEv
                0x0000000000011c30      0x15c Libraries/FEHLCD.o
                0x0000000000011c30                FEHLCD::_Clear()
 .text._ZN6FEHLCD8NextLineEv
                0x0000000000011d8c       0x2a Libraries/FEHLCD.o
                0x0000000000011d8c                FEHLCD::NextLine()
 .text._ZN6FEHLCD9CheckLineEv
                0x0000000000011db6       0x28 Libraries/FEHLCD.o
                0x0000000000011db6                FEHLCD::CheckLine()
 .text._ZN6FEHLCD8NextCharEv
                0x0000000000011dde       0x32 Libraries/FEHLCD.o
                0x0000000000011dde                FEHLCD::NextChar()
 .text._ZN6FEHLCD9DrawPixelEii
                0x0000000000011e10       0x2a Libraries/FEHLCD.o
                0x0000000000011e10                FEHLCD::DrawPixel(int, int)
 .text._Z4SwapRiS_
                0x0000000000011e3a       0x28 Libraries/FEHLCD.o
                0x0000000000011e3a                Swap(int&, int&)
 .text._ZN6FEHLCD13DrawRectangleEiiii
                0x0000000000011e62       0x7c Libraries/FEHLCD.o
                0x0000000000011e62                FEHLCD::DrawRectangle(int, int, int, int)
 .text._ZN6FEHLCD13SetDrawRegionEiiii
                0x0000000000011ede       0xfe Libraries/FEHLCD.o
                0x0000000000011ede                FEHLCD::SetDrawRegion(int, int, int, int)
 .text._ZN6FEHLCD8DrawLineEiiii
                0x0000000000011fdc      0x14c Libraries/FEHLCD.o
                0x0000000000011fdc                FEHLCD::DrawLine(int, int, int, int)
 .text._ZN6FEHLCD9WriteCharEiic
                0x0000000000012128       0x34 Libraries/FEHLCD.o
                0x0000000000012128                FEHLCD::WriteChar(int, int, char)
 .text._ZN6FEHLCD11WriteCharAtEiic
                0x000000000001215c      0x214 Libraries/FEHLCD.o
                0x000000000001215c                FEHLCD::WriteCharAt(int, int, char)
 .text._ZN6FEHLCD11RepeatColorEv
                0x0000000000012370       0x70 Libraries/FEHLCD.o
                0x0000000000012370                FEHLCD::RepeatColor()
 .text._ZN6FEHLCD10_ForePixelEv
                0x00000000000123e0       0xc4 Libraries/FEHLCD.o
                0x00000000000123e0                FEHLCD::_ForePixel()
 .text._ZN6FEHLCD10_BackPixelEv
                0x00000000000124a4       0xc4 Libraries/FEHLCD.o
                0x00000000000124a4                FEHLCD::_BackPixel()
 .text._ZN6FEHLCD22SetRegisterColorValuesEv
                0x0000000000012568      0x336 Libraries/FEHLCD.o
                0x0000000000012568                FEHLCD::SetRegisterColorValues()
 .text._ZN7FEHIcon4IconC2Ev
                0x000000000001289e       0x14 Libraries/FEHLCD.o
                0x000000000001289e                FEHIcon::Icon::Icon()
                0x000000000001289e                FEHIcon::Icon::Icon()
 .text._ZN7FEHIcon4Icon13SetPropertiesEPciiiijj
                0x00000000000128b2       0x6a Libraries/FEHLCD.o
                0x00000000000128b2                FEHIcon::Icon::SetProperties(char*, int, int, int, int, unsigned int, unsigned int)
 .text._ZN7FEHIcon4Icon4DrawEv
                0x000000000001291c       0x90 Libraries/FEHLCD.o
                0x000000000001291c                FEHIcon::Icon::Draw()
 .text._ZN7FEHIcon4Icon6SelectEv
                0x00000000000129ac       0x90 Libraries/FEHLCD.o
                0x00000000000129ac                FEHIcon::Icon::Select()
 .text._ZN7FEHIcon4Icon8DeselectEv
                0x0000000000012a3c       0x8c Libraries/FEHLCD.o
                0x0000000000012a3c                FEHIcon::Icon::Deselect()
 .text._ZN7FEHIcon4Icon7PressedEffi
                0x0000000000012ac8      0x13c Libraries/FEHLCD.o
                0x0000000000012ac8                FEHIcon::Icon::Pressed(float, float, int)
 .text._ZN7FEHIcon4Icon12WhilePressedEff
                0x0000000000012c04       0x50 Libraries/FEHLCD.o
                0x0000000000012c04                FEHIcon::Icon::WhilePressed(float, float)
 .text._ZN7FEHIcon13DrawIconArrayEPNS_4IconEiiiiiiPA20_cjj
                0x0000000000012c54      0x168 Libraries/FEHLCD.o
                0x0000000000012c54                FEHIcon::DrawIconArray(FEHIcon::Icon*, int, int, int, int, int, int, char (*) [20], unsigned int, unsigned int)
 .text._Z41__static_initialization_and_destruction_0ii
                0x0000000000012dbc       0x2c Libraries/FEHLCD.o
 .text._GLOBAL__sub_I_image
                0x0000000000012de8       0x10 Libraries/FEHLCD.o
 .text._ZN8FEHAccelC2Ev
                0x0000000000012df8       0x70 Libraries/FEHAccel.o
                0x0000000000012df8                FEHAccel::FEHAccel()
                0x0000000000012df8                FEHAccel::FEHAccel()
 .text._Z41__static_initialization_and_destruction_0ii
                0x0000000000012e68       0x2c Libraries/FEHAccel.o
 .text._GLOBAL__sub_I_Accel
                0x0000000000012e94       0x10 Libraries/FEHAccel.o
 .text._ZN10FEHBatteryC2EN5FEHIO8FEHIOPinE
                0x0000000000012ea4       0x22 Libraries/FEHBattery.o
                0x0000000000012ea4                FEHBattery::FEHBattery(FEHIO::FEHIOPin)
                0x0000000000012ea4                FEHBattery::FEHBattery(FEHIO::FEHIOPin)
 *fill*         0x0000000000012ec6        0x2 
 .text._Z41__static_initialization_and_destruction_0ii
                0x0000000000012ec8       0x30 Libraries/FEHBattery.o
 .text._GLOBAL__sub_I_Battery
                0x0000000000012ef8       0x10 Libraries/FEHBattery.o
 .text._ZN7FEHXBeeC2Ev
                0x0000000000012f08       0x1a Drivers/FEHXBee.o
                0x0000000000012f08                FEHXBee::FEHXBee()
                0x0000000000012f08                FEHXBee::FEHXBee()
 *fill*         0x0000000000012f22        0x2 
 .text._ZN7FEHXBee10InitializeEv
                0x0000000000012f24       0xdc Drivers/FEHXBee.o
                0x0000000000012f24                FEHXBee::Initialize()
 .text._ZN7FEHXBee13IsInitializedEv
                0x0000000000013000       0x16 Drivers/FEHXBee.o
                0x0000000000013000                FEHXBee::IsInitialized()
 *fill*         0x0000000000013016        0x2 
 .text._ZN7FEHXBee17ReceiveDataSearchEPcjh
                0x0000000000013018       0x8c Drivers/FEHXBee.o
                0x0000000000013018                FEHXBee::ReceiveDataSearch(char*, unsigned int, unsigned char)
 .text._ZN7FEHXBee8SendDataEPcj
                0x00000000000130a4       0x40 Drivers/FEHXBee.o
                0x00000000000130a4                FEHXBee::SendData(char*, unsigned int)
 .text._ZN7FEHXBee17SetPacketCallBackEPFvPhhE
                0x00000000000130e4       0x20 Drivers/FEHXBee.o
                0x00000000000130e4                FEHXBee::SetPacketCallBack(void (*)(unsigned char*, unsigned char))
 .text._Z22UART0_RX_TX_IRQHandlerv
                0x0000000000013104       0xec Drivers/FEHXBee.o
                0x0000000000013104                UART0_RX_TX_IRQHandler()
 .text._ZN6FEHRPSC2Ev
                0x00000000000131f0       0x74 Libraries/FEHRPS.o
                0x00000000000131f0                FEHRPS::FEHRPS()
                0x00000000000131f0                FEHRPS::FEHRPS()
 .text._ZN6FEHRPS10InitializeEi
                0x0000000000013264      0x664 Libraries/FEHRPS.o
                0x0000000000013264                FEHRPS::Initialize(int)
 .text._ZN6FEHRPS10InitializeEc
                0x00000000000138c8       0x46 Libraries/FEHRPS.o
                0x00000000000138c8                FEHRPS::Initialize(char)
 *fill*         0x000000000001390e        0x2 
 .text._ZN6FEHRPS19InitializeTouchMenuEv
                0x0000000000013910      0x424 Libraries/FEHRPS.o
                0x0000000000013910                FEHRPS::InitializeTouchMenu()
 .text._ZN6FEHRPS19CurrentRegionLetterEv
                0x0000000000013d34       0x1c Libraries/FEHRPS.o
                0x0000000000013d34                FEHRPS::CurrentRegionLetter()
 .text._ZN6FEHRPS15GetCorrectLeverEv
                0x0000000000013d50       0x1c Libraries/FEHRPS.o
                0x0000000000013d50                FEHRPS::GetCorrectLever()
 .text._ZN6FEHRPS13WaitForPacketEv
                0x0000000000013d6c       0x58 Libraries/FEHRPS.o
                0x0000000000013d6c                FEHRPS::WaitForPacket()
 .text._ZN6FEHRPS7HeadingEv
                0x0000000000013dc4       0x1c Libraries/FEHRPS.o
                0x0000000000013dc4                FEHRPS::Heading()
 .text._Z14RPSDataProcessPhh
                0x0000000000013de0      0x148 Libraries/FEHRPS.o
                0x0000000000013de0                RPSDataProcess(unsigned char*, unsigned char)
 .text._Z41__static_initialization_and_destruction_0ii
                0x0000000000013f28       0x2c Libraries/FEHRPS.o
 .text._GLOBAL__sub_I_RPS
                0x0000000000013f54       0x10 Libraries/FEHRPS.o
 .text._ZN5FEHSDC2Ev
                0x0000000000013f64       0x24 Libraries/FEHSD.o
                0x0000000000013f64                FEHSD::FEHSD()
                0x0000000000013f64                FEHSD::FEHSD()
 .text._ZN5FEHSD9FCloseAllEv
                0x0000000000013f88       0x6c Libraries/FEHSD.o
                0x0000000000013f88                FEHSD::FCloseAll()
 .text._Z41__static_initialization_and_destruction_0ii
                0x0000000000013ff4       0x2c Libraries/FEHSD.o
 .text._GLOBAL__sub_I_SD
                0x0000000000014020       0x10 Libraries/FEHSD.o
 .text._ZN9FEHRandom10InitializeEv
                0x0000000000014030       0x3c Libraries/FEHRandom.o
                0x0000000000014030                FEHRandom::Initialize()
 .text.startup._GLOBAL__sub_I__ZN9__gnu_cxx9__freeresEv
                0x000000000001406c       0x28 /Applications/FEH_ARM/bin/../lib/gcc/arm-none-eabi/10.3.1/../../../../arm-none-eabi/lib/thumb/v7e-m/nofp/libstdc++.a(eh_alloc.o)
 .text          0x0000000000014094      0x378 /Applications/FEH_ARM/bin/../lib/gcc/arm-none-eabi/10.3.1/thumb/v7e-m/nofp/libgcc.a(_arm_addsubdf3.o)
                0x0000000000014094                __aeabi_drsub
                0x000000000001409c                __subdf3
                0x000000000001409c                __aeabi_dsub
                0x00000000000140a0                __aeabi_dadd
                0x00000000000140a0                __adddf3
                0x0000000000014318                __aeabi_ui2d
                0x0000000000014318                __floatunsidf
                0x0000000000014338                __floatsidf
                0x0000000000014338                __aeabi_i2d
                0x000000000001435c                __extendsfdf2
                0x000000000001435c                __aeabi_f2d
                0x00000000000143a0                __aeabi_ul2d
                0x00000000000143a0                __floatundidf
                0x00000000000143b0                __aeabi_l2d
                0x00000000000143b0                __floatdidf
 .text          0x000000000001440c      0x424 /Applications/FEH_ARM/bin/../lib/gcc/arm-none-eabi/10.3.1/thumb/v7e-m/nofp/libgcc.a(_arm_muldivdf3.o)
                0x000000000001440c                __aeabi_dmul
                0x000000000001440c                __muldf3
                0x0000000000014660                __aeabi_ddiv
                0x0000000000014660                __divdf3
 .text          0x0000000000014830      0x110 /Applications/FEH_ARM/bin/../lib/gcc/arm-none-eabi/10.3.1/thumb/v7e-m/nofp/libgcc.a(_arm_cmpdf2.o)
                0x0000000000014830                __gedf2
                0x0000000000014830                __gtdf2
                0x0000000000014838                __ledf2
                0x0000000000014838                __ltdf2
                0x0000000000014840                __cmpdf2
                0x0000000000014840                __eqdf2
                0x0000000000014840                __nedf2
                0x00000000000148bc                __aeabi_cdrcmple
                0x00000000000148cc                __aeabi_cdcmple
                0x00000000000148cc                __aeabi_cdcmpeq
                0x00000000000148dc                __aeabi_dcmpeq
                0x00000000000148f0                __aeabi_dcmplt
                0x0000000000014904                __aeabi_dcmple
                0x0000000000014918                __aeabi_dcmpge
                0x000000000001492c                __aeabi_dcmpgt
 .text          0x0000000000014940       0x50 /Applications/FEH_ARM/bin/../lib/gcc/arm-none-eabi/10.3.1/thumb/v7e-m/nofp/libgcc.a(_arm_fixdfsi.o)
                0x0000000000014940                __fixdfsi
                0x0000000000014940                __aeabi_d2iz
 .text          0x0000000000014990       0x40 /Applications/FEH_ARM/bin/../lib/gcc/arm-none-eabi/10.3.1/thumb/v7e-m/nofp/libgcc.a(_arm_fixunsdfsi.o)
                0x0000000000014990                __fixunsdfsi
                0x0000000000014990                __aeabi_d2uiz
 .text          0x00000000000149d0       0xa0 /Applications/FEH_ARM/bin/../lib/gcc/arm-none-eabi/10.3.1/thumb/v7e-m/nofp/libgcc.a(_arm_truncdfsf2.o)
                0x00000000000149d0                __aeabi_d2f
                0x00000000000149d0                __truncdfsf2
 .text          0x0000000000014a70      0x21c /Applications/FEH_ARM/bin/../lib/gcc/arm-none-eabi/10.3.1/thumb/v7e-m/nofp/libgcc.a(_arm_addsubsf3.o)
                0x0000000000014a70                __aeabi_frsub
                0x0000000000014a78                __aeabi_fsub
                0x0000000000014a78                __subsf3
                0x0000000000014a7c                __aeabi_fadd
                0x0000000000014a7c                __addsf3
                0x0000000000014bdc                __aeabi_ui2f
                0x0000000000014bdc                __floatunsisf
                0x0000000000014be4                __floatsisf
                0x0000000000014be4                __aeabi_i2f
                0x0000000000014c00                __aeabi_ul2f
                0x0000000000014c00                __floatundisf
                0x0000000000014c10                __aeabi_l2f
                0x0000000000014c10                __floatdisf
 .text          0x0000000000014c8c      0x2a0 /Applications/FEH_ARM/bin/../lib/gcc/arm-none-eabi/10.3.1/thumb/v7e-m/nofp/libgcc.a(_arm_muldivsf3.o)
                0x0000000000014c8c                __mulsf3
                0x0000000000014c8c                __aeabi_fmul
                0x0000000000014df4                __divsf3
                0x0000000000014df4                __aeabi_fdiv
 .text          0x0000000000014f2c       0xec /Applications/FEH_ARM/bin/../lib/gcc/arm-none-eabi/10.3.1/thumb/v7e-m/nofp/libgcc.a(_arm_cmpsf2.o)
                0x0000000000014f2c                __gesf2
                0x0000000000014f2c                __gtsf2
                0x0000000000014f34                __ltsf2
                0x0000000000014f34                __lesf2
                0x0000000000014f3c                __nesf2
                0x0000000000014f3c                __eqsf2
                0x0000000000014f3c                __cmpsf2
                0x0000000000014f9c                __aeabi_cfrcmple
                0x0000000000014fa4                __aeabi_cfcmpeq
                0x0000000000014fa4                __aeabi_cfcmple
                0x0000000000014fb4                __aeabi_fcmpeq
                0x0000000000014fc8                __aeabi_fcmplt
                0x0000000000014fdc                __aeabi_fcmple
                0x0000000000014ff0                __aeabi_fcmpge
                0x0000000000015004                __aeabi_fcmpgt
 .text          0x0000000000015018       0x4c /Applications/FEH_ARM/bin/../lib/gcc/arm-none-eabi/10.3.1/thumb/v7e-m/nofp/libgcc.a(_arm_fixsfsi.o)
                0x0000000000015018                __fixsfsi
                0x0000000000015018                __aeabi_f2iz
 .text          0x0000000000015064       0x40 /Applications/FEH_ARM/bin/../lib/gcc/arm-none-eabi/10.3.1/thumb/v7e-m/nofp/libgcc.a(_arm_fixunssfsi.o)
                0x0000000000015064                __aeabi_f2uiz
                0x0000000000015064                __fixunssfsi
 .text.__libc_init_array
                0x00000000000150a4       0x48 /Applications/FEH_ARM/bin/../lib/gcc/arm-none-eabi/10.3.1/../../../../arm-none-eabi/lib/thumb/v7e-m/nofp/libg.a(lib_a-init.o)
                0x00000000000150a4                __libc_init_array
 .text.__retarget_lock_acquire_recursive
                0x00000000000150ec        0x4 /Applications/FEH_ARM/bin/../lib/gcc/arm-none-eabi/10.3.1/../../../../arm-none-eabi/lib/thumb/v7e-m/nofp/libg.a(lib_a-lock.o)
                0x00000000000150ec                __retarget_lock_acquire_recursive
 .text.__retarget_lock_release_recursive
                0x00000000000150f0        0x4 /Applications/FEH_ARM/bin/../lib/gcc/arm-none-eabi/10.3.1/../../../../arm-none-eabi/lib/thumb/v7e-m/nofp/libg.a(lib_a-lock.o)
                0x00000000000150f0                __retarget_lock_release_recursive
 .text.malloc   0x00000000000150f4       0x10 /Applications/FEH_ARM/bin/../lib/gcc/arm-none-eabi/10.3.1/../../../../arm-none-eabi/lib/thumb/v7e-m/nofp/libg.a(lib_a-malloc.o)
                0x00000000000150f4                malloc
 .text._malloc_r
                0x0000000000015104      0x560 /Applications/FEH_ARM/bin/../lib/gcc/arm-none-eabi/10.3.1/../../../../arm-none-eabi/lib/thumb/v7e-m/nofp/libg.a(lib_a-mallocr.o)
                0x0000000000015104                _malloc_r
 .text          0x0000000000015664      0x134 /Applications/FEH_ARM/bin/../lib/gcc/arm-none-eabi/10.3.1/../../../../arm-none-eabi/lib/thumb/v7e-m/nofp/libg.a(lib_a-memcpy.o)
                0x0000000000015664                memcpy
 .text.__malloc_lock
                0x0000000000015798        0xc /Applications/FEH_ARM/bin/../lib/gcc/arm-none-eabi/10.3.1/../../../../arm-none-eabi/lib/thumb/v7e-m/nofp/libg.a(lib_a-mlock.o)
                0x0000000000015798                __malloc_lock
 .text.__malloc_unlock
                0x00000000000157a4        0xc /Applications/FEH_ARM/bin/../lib/gcc/arm-none-eabi/10.3.1/../../../../arm-none-eabi/lib/thumb/v7e-m/nofp/libg.a(lib_a-mlock.o)
                0x00000000000157a4                __malloc_unlock
 .text._sbrk_r  0x00000000000157b0       0x24 /Applications/FEH_ARM/bin/../lib/gcc/arm-none-eabi/10.3.1/../../../../arm-none-eabi/lib/thumb/v7e-m/nofp/libg.a(lib_a-sbrkr.o)
                0x00000000000157b0                _sbrk_r
 .text.strcpy   0x00000000000157d4       0xbc /Applications/FEH_ARM/bin/../lib/gcc/arm-none-eabi/10.3.1/../../../../arm-none-eabi/lib/thumb/v7e-m/nofp/libg.a(lib_a-strcpy.o)
                0x00000000000157d4                strcpy
 *fill*         0x0000000000015890       0x30 
 .text          0x00000000000158c0       0xdc /Applications/FEH_ARM/bin/../lib/gcc/arm-none-eabi/10.3.1/../../../../arm-none-eabi/lib/thumb/v7e-m/nofp/libg.a(lib_a-strlen.o)
                0x00000000000158c0                strlen
 .text.startup.register_fini
                0x000000000001599c       0x14 /Applications/FEH_ARM/bin/../lib/gcc/arm-none-eabi/10.3.1/../../../../arm-none-eabi/lib/thumb/v7e-m/nofp/libg.a(lib_a-__call_atexit.o)
 .text.atexit   0x00000000000159b0        0xc /Applications/FEH_ARM/bin/../lib/gcc/arm-none-eabi/10.3.1/../../../../arm-none-eabi/lib/thumb/v7e-m/nofp/libg.a(lib_a-atexit.o)
                0x00000000000159b0                atexit
 .text.__libc_fini_array
                0x00000000000159bc       0x2c /Applications/FEH_ARM/bin/../lib/gcc/arm-none-eabi/10.3.1/../../../../arm-none-eabi/lib/thumb/v7e-m/nofp/libg.a(lib_a-fini.o)
                0x00000000000159bc                __libc_fini_array
 .text._malloc_trim_r
                0x00000000000159e8       0xa0 /Applications/FEH_ARM/bin/../lib/gcc/arm-none-eabi/10.3.1/../../../../arm-none-eabi/lib/thumb/v7e-m/nofp/libg.a(lib_a-freer.o)
                0x00000000000159e8                _malloc_trim_r
 .text._free_r  0x0000000000015a88      0x20c /Applications/FEH_ARM/bin/../lib/gcc/arm-none-eabi/10.3.1/../../../../arm-none-eabi/lib/thumb/v7e-m/nofp/libg.a(lib_a-freer.o)
                0x0000000000015a88                _free_r
 .text.__register_exitproc
                0x0000000000015c94       0x8c /Applications/FEH_ARM/bin/../lib/gcc/arm-none-eabi/10.3.1/../../../../arm-none-eabi/lib/thumb/v7e-m/nofp/libg.a(lib_a-__atexit.o)
                0x0000000000015c94                __register_exitproc
 .text._sbrk    0x0000000000015d20       0x1c /Applications/FEH_ARM/bin/../lib/gcc/arm-none-eabi/10.3.1/../../../../arm-none-eabi/lib/thumb/v7e-m/nofp/libnosys.a(sbrk.o)
                0x0000000000015d20                _sbrk
 *(.rodata .rodata.* .constdata .constdata.*)
 .rodata.K60_SDHC0_init
                0x0000000000015d3c        0xc Drivers/SDHC.o
                0x0000000000015d3c                K60_SDHC0_init
 .rodata._ZL21ESDHC_COMMAND_XFERTYP
                0x0000000000015d48      0x100 Drivers/SDHC.o
 .rodata._ZL9GPIOPorts
                0x0000000000015e48       0x20 Libraries/FEHIO.o
 .rodata._ZL10ADCNumbers
                0x0000000000015e68       0x21 Libraries/FEHIO.o
 *fill*         0x0000000000015e89        0x3 
 .rodata._ZL14GPIOPinNumbers
                0x0000000000015e8c       0x80 Libraries/FEHIO.o
 .rodata._ZL16AnalogPinNumbers
                0x0000000000015f0c       0x84 Libraries/FEHIO.o
 .rodata        0x0000000000015f90       0x78 Libraries/FEHIO.o
 .rodata        0x0000000000016008       0x32 Libraries/FEHLCD.o
 *fill*         0x000000000001603a        0x2 
 .rodata        0x000000000001603c      0x33c Libraries/FEHRPS.o
 .rodata._global_impure_ptr
                0x0000000000016378        0x4 /Applications/FEH_ARM/bin/../lib/gcc/arm-none-eabi/10.3.1/../../../../arm-none-eabi/lib/thumb/v7e-m/nofp/libg.a(lib_a-impure.o)
                0x0000000000016378                _global_impure_ptr
                0x000000000001637c                . = ALIGN (0x4)
                0x000000000001637c                . = ALIGN (0x4)
 *(.init)
 .init          0x000000000001637c        0x4 /Applications/FEH_ARM/bin/../lib/gcc/arm-none-eabi/10.3.1/thumb/v7e-m/nofp/crti.o
                0x000000000001637c                _init
 .init          0x0000000000016380        0x8 /Applications/FEH_ARM/bin/../lib/gcc/arm-none-eabi/10.3.1/thumb/v7e-m/nofp/crtn.o
                0x0000000000016388                . = ALIGN (0x4)
                0x0000000000016388                __preinit_array_start = .
 *(.preinit_array)
                0x0000000000016388                __preinit_array_end = .
                0x0000000000016388                . = ALIGN (0x4)
                0x0000000000016388                __init_array_start = .
 *(SORT_BY_NAME(.init_array.*))
 .init_array.00000
                0x0000000000016388        0x4 /Applications/FEH_ARM/bin/../lib/gcc/arm-none-eabi/10.3.1/../../../../arm-none-eabi/lib/thumb/v7e-m/nofp/libg.a(lib_a-__call_atexit.o)
 *(.init_array)
 .init_array    0x000000000001638c        0x4 /Applications/FEH_ARM/bin/../lib/gcc/arm-none-eabi/10.3.1/thumb/v7e-m/nofp/crtbegin.o
 .init_array    0x0000000000016390        0x4 ../main.o
 .init_array    0x0000000000016394        0x4 FEHProteus.o
 .init_array    0x0000000000016398        0x4 Libraries/FEHBuzzer.o
 .init_array    0x000000000001639c        0x4 Libraries/FEHLCD.o
 .init_array    0x00000000000163a0        0x4 Libraries/FEHAccel.o
 .init_array    0x00000000000163a4        0x4 Libraries/FEHBattery.o
 .init_array    0x00000000000163a8        0x4 Libraries/FEHRPS.o
 .init_array    0x00000000000163ac        0x4 Libraries/FEHSD.o
 .init_array    0x00000000000163b0        0x4 /Applications/FEH_ARM/bin/../lib/gcc/arm-none-eabi/10.3.1/../../../../arm-none-eabi/lib/thumb/v7e-m/nofp/libstdc++.a(eh_alloc.o)
                0x00000000000163b4                __init_array_end = .
 *(.fini)
 .fini          0x00000000000163b4        0x4 /Applications/FEH_ARM/bin/../lib/gcc/arm-none-eabi/10.3.1/thumb/v7e-m/nofp/crti.o
                0x00000000000163b4                _fini
 .fini          0x00000000000163b8        0x8 /Applications/FEH_ARM/bin/../lib/gcc/arm-none-eabi/10.3.1/thumb/v7e-m/nofp/crtn.o
                0x00000000000163c0                . = ALIGN (0x4)
 *crtbegin.o(.ctors)
 *(EXCLUDE_FILE(*crtend.o) .ctors)
 *(SORT_BY_NAME(.ctors.*))
 *crtend.o(.ctors)
                0x00000000000163c0                . = ALIGN (0x4)
 *crtbegin.o(.dtors)
 *(EXCLUDE_FILE(*crtend.o) .dtors)
 *(SORT_BY_NAME(.dtors.*))
 *crtend.o(.dtors)
                0x00000000000163c0                . = ALIGN (0x4)

.ARM.extab
 *(.ARM.extab* .gnu.linkonce.armextab.*)
                0x00000000000163c0                __exidx_start = .

.ARM.exidx      0x00000000000163c0        0x8
 *(.ARM.exidx* .gnu.linkonce.armexidx.*)
 .ARM.exidx.text.startup._GLOBAL__sub_I__ZN9__gnu_cxx9__freeresEv
                0x00000000000163c0        0x8 /Applications/FEH_ARM/bin/../lib/gcc/arm-none-eabi/10.3.1/../../../../arm-none-eabi/lib/thumb/v7e-m/nofp/libstdc++.a(eh_alloc.o)
                0x00000000000163c8                __exidx_end = .
                0x00000000000163c8                _etext = .

.rel.dyn        0x00000000000163c8        0x0
 .rel.iplt      0x00000000000163c8        0x0 /Applications/FEH_ARM/bin/../lib/gcc/arm-none-eabi/10.3.1/thumb/v7e-m/nofp/crtbegin.o

.m_usb_data
 *(m_usb_bdt)

.data_RAM2      0x000000001fff0000        0x0 load address 0x00000000000163c8
 FILL mask 0xff
                [!provide]                        PROVIDE (__start_data_RAM2 = .)
 *(.ramfunc.$RAM2)
 *(.ramfunc.$SRAM_LOWER)
 *(.EXTRA_RAM)
 *(.data.$RAM2)
 *(.data.$SRAM_LOWER)
 *(.data.$RAM2.*)
 *(.data.$SRAM_LOWER.*)
                0x000000001fff0000                . = ALIGN (0x4)
                [!provide]                        PROVIDE (__end_data_RAM2 = .)

.uninit_RESERVED
                0x0000000020000000        0x0
                0x0000000020000000                . = ALIGN (0x4)
 *(.bss.$RESERVED*)
                0x0000000020000000                . = ALIGN (0x4)
                0x0000000020000000                _end_uninit_RESERVED = .

.data           0x0000000020000000     0x155c load address 0x00000000000163c8
 FILL mask 0xff
                0x0000000020000000                _data = .
 *(vtable)
 *(.ramfunc*)
 *(CodeQuickAccess)
 *(DataQuickAccess)
 *(RamFunction)
 *(.data*)
 .data._ZL4Stat
                0x0000000020000000        0x1 Drivers/SDHC.o
 *fill*         0x0000000020000001        0x3 ff
 .data.image    0x0000000020000004      0x74e Libraries/FEHLCD.o
                0x0000000020000004                image
 *fill*         0x0000000020000752        0x2 ff
 .data.logo     0x0000000020000754      0x3e6 Libraries/FEHLCD.o
                0x0000000020000754                logo
 *fill*         0x0000000020000b3a        0x2 ff
 .data._ZN6FEHLCD8fontDataE
                0x0000000020000b3c      0x1e0 Libraries/FEHLCD.o
                0x0000000020000b3c                FEHLCD::fontData
 .data._impure_ptr
                0x0000000020000d1c        0x4 /Applications/FEH_ARM/bin/../lib/gcc/arm-none-eabi/10.3.1/../../../../arm-none-eabi/lib/thumb/v7e-m/nofp/libg.a(lib_a-impure.o)
                0x0000000020000d1c                _impure_ptr
 .data.impure_data
                0x0000000020000d20      0x428 /Applications/FEH_ARM/bin/../lib/gcc/arm-none-eabi/10.3.1/../../../../arm-none-eabi/lib/thumb/v7e-m/nofp/libg.a(lib_a-impure.o)
 .data.__malloc_av_
                0x0000000020001148      0x408 /Applications/FEH_ARM/bin/../lib/gcc/arm-none-eabi/10.3.1/../../../../arm-none-eabi/lib/thumb/v7e-m/nofp/libg.a(lib_a-mallocr.o)
                0x0000000020001148                __malloc_av_
 .data.__malloc_sbrk_base
                0x0000000020001550        0x4 /Applications/FEH_ARM/bin/../lib/gcc/arm-none-eabi/10.3.1/../../../../arm-none-eabi/lib/thumb/v7e-m/nofp/libg.a(lib_a-mallocr.o)
                0x0000000020001550                __malloc_sbrk_base
 .data.__malloc_trim_threshold
                0x0000000020001554        0x4 /Applications/FEH_ARM/bin/../lib/gcc/arm-none-eabi/10.3.1/../../../../arm-none-eabi/lib/thumb/v7e-m/nofp/libg.a(lib_a-mallocr.o)
                0x0000000020001554                __malloc_trim_threshold
 .data.__atexit_recursive_mutex
                0x0000000020001558        0x4 /Applications/FEH_ARM/bin/../lib/gcc/arm-none-eabi/10.3.1/../../../../arm-none-eabi/lib/thumb/v7e-m/nofp/libg.a(lib_a-__call_atexit.o)
                0x0000000020001558                __atexit_recursive_mutex
                0x000000002000155c                . = ALIGN (0x4)
                0x000000002000155c                _edata = .

.igot.plt       0x000000002000155c        0x0 load address 0x0000000000017924
 .igot.plt      0x000000002000155c        0x0 /Applications/FEH_ARM/bin/../lib/gcc/arm-none-eabi/10.3.1/thumb/v7e-m/nofp/crtbegin.o

.bss_RAM2       0x000000001fff0000        0x0
                0x000000001fff0000                . = ALIGN (0x4)
                [!provide]                        PROVIDE (__start_bss_RAM2 = .)
 *(.bss.$RAM2)
 *(.bss.$SRAM_LOWER)
 *(.bss.$RAM2.*)
 *(.bss.$SRAM_LOWER.*)
                0x000000001fff0000                . = ALIGN ((. != 0x0)?0x4:0x1)
                [!provide]                        PROVIDE (__end_bss_RAM2 = .)

.bss            0x000000002000155c      0x48c
                0x000000002000155c                . = ALIGN (0x4)
                0x000000002000155c                _bss = .
 *(.bss*)
 .bss           0x000000002000155c       0x1c /Applications/FEH_ARM/bin/../lib/gcc/arm-none-eabi/10.3.1/thumb/v7e-m/nofp/crtbegin.o
 .bss.lightSensor
                0x0000000020001578        0x1 ../main.o
                0x0000000020001578                lightSensor
 *fill*         0x0000000020001579        0x3 
 .bss.leftEncoder
                0x000000002000157c        0x1 ../main.o
                0x000000002000157c                leftEncoder
 *fill*         0x000000002000157d        0x3 
 .bss.rightEncoder
                0x0000000020001580        0x1 ../main.o
                0x0000000020001580                rightEncoder
 *fill*         0x0000000020001581        0x3 
 .bss.leftMotor
                0x0000000020001584        0x8 ../main.o
                0x0000000020001584                leftMotor
 .bss.rightMotor
                0x000000002000158c        0x8 ../main.o
                0x000000002000158c                rightMotor
 .bss.leftServo
                0x0000000020001594        0xc ../main.o
                0x0000000020001594                leftServo
 .bss.rightServo
                0x00000000200015a0        0xc ../main.o
                0x00000000200015a0                rightServo
 .bss.backLeftBump
                0x00000000200015ac        0x1 ../main.o
                0x00000000200015ac                backLeftBump
 *fill*         0x00000000200015ad        0x3 
 .bss.backRightBump
                0x00000000200015b0        0x1 ../main.o
                0x00000000200015b0                backRightBump
 *fill*         0x00000000200015b1        0x3 
 .bss.frontLeftBump
                0x00000000200015b4        0x1 ../main.o
                0x00000000200015b4                frontLeftBump
 *fill*         0x00000000200015b5        0x3 
 .bss.frontRightBump
                0x00000000200015b8        0x1 ../main.o
                0x00000000200015b8                frontRightBump
 .bss.MasterTransmission
                0x00000000200015b9        0x1 Drivers/i2c.o
                0x00000000200015b9                MasterTransmission
 .bss.SlaveID   0x00000000200015ba        0x1 Drivers/i2c.o
                0x00000000200015ba                SlaveID
 .bss.timeout   0x00000000200015bb        0x1 Drivers/i2c.o
                0x00000000200015bb                timeout
 .bss.SDHC_Card
                0x00000000200015bc       0x14 Drivers/SDHC.o
                0x00000000200015bc                SDHC_Card
 .bss.SDHC_Info
                0x00000000200015d0      0x204 Drivers/SDHC.o
                0x00000000200015d0                SDHC_Info
 .bss.SDHC_Device
                0x00000000200017d4        0x8 Drivers/SDHC.o
                0x00000000200017d4                SDHC_Device
 .bss.Propeller
                0x00000000200017dc        0x1 FEHProteus.o
                0x00000000200017dc                Propeller
 *fill*         0x00000000200017dd        0x3 
 .bss.CoreClockKHz
                0x00000000200017e0        0x4 FEHProteus.o
                0x00000000200017e0                CoreClockKHz
 .bss.CoreClockMHz
                0x00000000200017e4        0x4 FEHProteus.o
                0x00000000200017e4                CoreClockMHz
 .bss.PeripheralClockKHz
                0x00000000200017e8        0x4 FEHProteus.o
                0x00000000200017e8                PeripheralClockKHz
 .bss._ZN14AnalogInputPin17Master_Adc_ConfigE
                0x00000000200017ec       0x10 Libraries/FEHIO.o
                0x00000000200017ec                AnalogInputPin::Master_Adc_Config
 .bss._ZN14AnalogInputPin18Encoder_Adc_ConfigE
                0x00000000200017fc       0x10 Libraries/FEHIO.o
                0x00000000200017fc                AnalogInputPin::Encoder_Adc_Config
 .bss.interrupt_counts
                0x000000002000180c       0x80 Libraries/FEHIO.o
                0x000000002000180c                interrupt_counts
 .bss._ZN13AnalogEncoder7pinListE
                0x000000002000188c        0x4 Libraries/FEHIO.o
                0x000000002000188c                AnalogEncoder::pinList
 .bss.__interrupt_counter
                0x0000000020001890        0x4 Libraries/FEHIO.o
                0x0000000020001890                __interrupt_counter
 .bss.Buzzer    0x0000000020001894        0x1 Libraries/FEHBuzzer.o
                0x0000000020001894                Buzzer
 *fill*         0x0000000020001895        0x3 
 .bss.LCD       0x0000000020001898       0x44 Libraries/FEHLCD.o
                0x0000000020001898                LCD
 .bss.initialized
                0x00000000200018dc        0x1 Libraries/FEHLCD.o
                0x00000000200018dc                initialized
 *fill*         0x00000000200018dd        0x3 
 .bss.Accel     0x00000000200018e0        0x1 Libraries/FEHAccel.o
                0x00000000200018e0                Accel
 *fill*         0x00000000200018e1        0x3 
 .bss.Battery   0x00000000200018e4        0x1 Libraries/FEHBattery.o
                0x00000000200018e4                Battery
 *fill*         0x00000000200018e5        0x3 
 .bss.XBeeDataProcess
                0x00000000200018e8        0x4 Drivers/FEHXBee.o
                0x00000000200018e8                XBeeDataProcess
 .bss._xbeebuffer
                0x00000000200018ec       0x10 Drivers/FEHXBee.o
                0x00000000200018ec                _xbeebuffer
 .bss._xbeebufferindex
                0x00000000200018fc        0x1 Drivers/FEHXBee.o
                0x00000000200018fc                _xbeebufferindex
 .bss._xbeestate
                0x00000000200018fd        0x1 Drivers/FEHXBee.o
                0x00000000200018fd                _xbeestate
 .bss._xbeebytereceived
                0x00000000200018fe        0x1 Drivers/FEHXBee.o
                0x00000000200018fe                _xbeebytereceived
 .bss._xbeebyte
                0x00000000200018ff        0x1 Drivers/FEHXBee.o
                0x00000000200018ff                _xbeebyte
 .bss.RPS       0x0000000020001900        0x8 Libraries/FEHRPS.o
                0x0000000020001900                RPS
 .bss._enabled  0x0000000020001908        0x1 Libraries/FEHRPS.o
                0x0000000020001908                _enabled
 *fill*         0x0000000020001909        0x3 
 .bss._RPS_x    0x000000002000190c        0x4 Libraries/FEHRPS.o
                0x000000002000190c                _RPS_x
 .bss._RPS_y    0x0000000020001910        0x4 Libraries/FEHRPS.o
                0x0000000020001910                _RPS_y
 .bss._RPS_heading
                0x0000000020001914        0x4 Libraries/FEHRPS.o
                0x0000000020001914                _RPS_heading
 .bss._RPS_objective
                0x0000000020001918        0x4 Libraries/FEHRPS.o
                0x0000000020001918                _RPS_objective
 .bss._RPS_time
                0x000000002000191c        0x1 Libraries/FEHRPS.o
                0x000000002000191c                _RPS_time
 .bss._RPS_stop
                0x000000002000191d        0x1 Libraries/FEHRPS.o
                0x000000002000191d                _RPS_stop
 .bss._RPS_foundpacket
                0x000000002000191e        0x1 Libraries/FEHRPS.o
                0x000000002000191e                _RPS_foundpacket
 *fill*         0x000000002000191f        0x1 
 .bss.SD        0x0000000020001920        0x8 Libraries/FEHSD.o
                0x0000000020001920                SD
 .bss.f_res     0x0000000020001928        0x1 Libraries/FEHSD.o
                0x0000000020001928                f_res
 *fill*         0x0000000020001929        0x3 
 .bss.filePtrs  0x000000002000192c       0x64 Libraries/FEHSD.o
                0x000000002000192c                filePtrs
 .bss.Random    0x0000000020001990        0x1 Libraries/FEHRandom.o
                0x0000000020001990                Random
 *fill*         0x0000000020001991        0x3 
 .bss._ZN12_GLOBAL__N_114emergency_poolE
                0x0000000020001994       0x10 /Applications/FEH_ARM/bin/../lib/gcc/arm-none-eabi/10.3.1/../../../../arm-none-eabi/lib/thumb/v7e-m/nofp/libstdc++.a(eh_alloc.o)
 .bss.__lock___atexit_recursive_mutex
                0x00000000200019a4        0x1 /Applications/FEH_ARM/bin/../lib/gcc/arm-none-eabi/10.3.1/../../../../arm-none-eabi/lib/thumb/v7e-m/nofp/libg.a(lib_a-lock.o)
                0x00000000200019a4                __lock___atexit_recursive_mutex
 *fill*         0x00000000200019a5        0x3 
 .bss.__lock___malloc_recursive_mutex
                0x00000000200019a8        0x1 /Applications/FEH_ARM/bin/../lib/gcc/arm-none-eabi/10.3.1/../../../../arm-none-eabi/lib/thumb/v7e-m/nofp/libg.a(lib_a-lock.o)
                0x00000000200019a8                __lock___malloc_recursive_mutex
 *fill*         0x00000000200019a9        0x3 
 .bss.__malloc_current_mallinfo
                0x00000000200019ac       0x28 /Applications/FEH_ARM/bin/../lib/gcc/arm-none-eabi/10.3.1/../../../../arm-none-eabi/lib/thumb/v7e-m/nofp/libg.a(lib_a-mallocr.o)
                0x00000000200019ac                __malloc_current_mallinfo
 .bss.__malloc_max_sbrked_mem
                0x00000000200019d4        0x4 /Applications/FEH_ARM/bin/../lib/gcc/arm-none-eabi/10.3.1/../../../../arm-none-eabi/lib/thumb/v7e-m/nofp/libg.a(lib_a-mallocr.o)
                0x00000000200019d4                __malloc_max_sbrked_mem
 .bss.__malloc_max_total_mem
                0x00000000200019d8        0x4 /Applications/FEH_ARM/bin/../lib/gcc/arm-none-eabi/10.3.1/../../../../arm-none-eabi/lib/thumb/v7e-m/nofp/libg.a(lib_a-mallocr.o)
                0x00000000200019d8                __malloc_max_total_mem
 .bss.__malloc_top_pad
                0x00000000200019dc        0x4 /Applications/FEH_ARM/bin/../lib/gcc/arm-none-eabi/10.3.1/../../../../arm-none-eabi/lib/thumb/v7e-m/nofp/libg.a(lib_a-mallocr.o)
                0x00000000200019dc                __malloc_top_pad
 .bss.errno     0x00000000200019e0        0x4 /Applications/FEH_ARM/bin/../lib/gcc/arm-none-eabi/10.3.1/../../../../arm-none-eabi/lib/thumb/v7e-m/nofp/libg.a(lib_a-reent.o)
                0x00000000200019e0                errno
 .bss.heap_end.0
                0x00000000200019e4        0x4 /Applications/FEH_ARM/bin/../lib/gcc/arm-none-eabi/10.3.1/../../../../arm-none-eabi/lib/thumb/v7e-m/nofp/libnosys.a(sbrk.o)
 *(COMMON)
                0x00000000200019e8                . = ALIGN (0x4)
                0x00000000200019e8                _ebss = .
                0x00000000200019e8                PROVIDE (end = .)

.noinit_RAM2    0x000000001fff0000        0x0
                0x000000001fff0000                . = ALIGN (0x4)
 *(.noinit.$RAM2)
 *(.noinit.$SRAM_LOWER)
 *(.noinit.$RAM2.*)
 *(.noinit.$SRAM_LOWER.*)
                0x000000001fff0000                . = ALIGN (0x4)

.noinit         0x00000000200019e8        0x0
                0x00000000200019e8                . = ALIGN (0x4)
                0x00000000200019e8                _noinit = .
 *(.noinit*)
                0x00000000200019e8                . = ALIGN (0x4)
                0x00000000200019e8                _end_noinit = .
                0x0000000000001000                _HeapSize = 0x1000

.heap           0x000000001fff0000     0x1000
                0x000000001fff0000                _pvHeapStart = .
                0x000000001fff1000                . = (. + _HeapSize)
 *fill*         0x000000001fff0000     0x1000 
                0x000000001fff1000                . = ALIGN (0x4)
                0x000000001fff1000                _pvHeapLimit = .
                0x0000000000001000                _StackSize = 0x1000

.heap2stackfill
                0x000000001fff1000     0x1000
                0x000000001fff2000                . = (. + _StackSize)
 *fill*         0x000000001fff1000     0x1000 

.stack          0x000000001ffff000        0x0
                0x000000001ffff000                _vStackBase = .
                0x000000001ffff000                . = ALIGN (0x4)
                0x0000000020000000                _vStackTop = (. + _StackSize)
                0x000000000000c000                _image_start = LOADADDR (.text)
                0x0000000000017924                _image_end = (LOADADDR (.data) + SIZEOF (.data))
                0x000000000000b924                _image_size = (_image_end - _image_start)
OUTPUT(../Proteus.elf elf32-littlearm)
LOAD linker stubs

.ARM.attributes
                0x0000000000000000       0x2a
 .ARM.attributes
                0x0000000000000000       0x1e /Applications/FEH_ARM/bin/../lib/gcc/arm-none-eabi/10.3.1/thumb/v7e-m/nofp/crti.o
 .ARM.attributes
                0x000000000000001e       0x2e /Applications/FEH_ARM/bin/../lib/gcc/arm-none-eabi/10.3.1/thumb/v7e-m/nofp/crtbegin.o
 .ARM.attributes
                0x000000000000004c       0x2e ../main.o
 .ARM.attributes
                0x000000000000007a       0x2e Startup/startup_mk60d10.o
 .ARM.attributes
                0x00000000000000a8       0x2e Libraries/FEHMotor.o
 .ARM.attributes
                0x00000000000000d6       0x2e Drivers/i2c.o
 .ARM.attributes
                0x0000000000000104       0x2e Drivers/spi.o
 .ARM.attributes
                0x0000000000000132       0x2e Drivers/uart.o
 .ARM.attributes
                0x0000000000000160       0x2e Drivers/ff.o
 .ARM.attributes
                0x000000000000018e       0x2e Drivers/SDHC.o
 .ARM.attributes
                0x00000000000001bc       0x2e Drivers/lptmr.o
 .ARM.attributes
                0x00000000000001ea       0x2e FEHProteus.o
 .ARM.attributes
                0x0000000000000218       0x2e Drivers/FEHPropeller.o
 .ARM.attributes
                0x0000000000000246       0x2e Libraries/FEHUtility.o
 .ARM.attributes
                0x0000000000000274       0x2e Libraries/FEHIO.o
 .ARM.attributes
                0x00000000000002a2       0x2e Drivers/adc16.o
 .ARM.attributes
                0x00000000000002d0       0x2e Libraries/FEHBuzzer.o
 .ARM.attributes
                0x00000000000002fe       0x2e Libraries/FEHServo.o
 .ARM.attributes
                0x000000000000032c       0x2e Libraries/FEHLCD.o
 .ARM.attributes
                0x000000000000035a       0x2e Libraries/FEHAccel.o
 .ARM.attributes
                0x0000000000000388       0x2e Libraries/FEHBattery.o
 .ARM.attributes
                0x00000000000003b6       0x2e Drivers/FEHXBee.o
 .ARM.attributes
                0x00000000000003e4       0x2e Libraries/FEHRPS.o
 .ARM.attributes
                0x0000000000000412       0x2e Libraries/FEHSD.o
 .ARM.attributes
                0x0000000000000440       0x2e Libraries/FEHRandom.o
 .ARM.attributes
                0x000000000000046e       0x2e /Applications/FEH_ARM/bin/../lib/gcc/arm-none-eabi/10.3.1/../../../../arm-none-eabi/lib/thumb/v7e-m/nofp/libstdc++.a(eh_alloc.o)
 .ARM.attributes
                0x000000000000049c       0x1e /Applications/FEH_ARM/bin/../lib/gcc/arm-none-eabi/10.3.1/thumb/v7e-m/nofp/libgcc.a(_arm_addsubdf3.o)
 .ARM.attributes
                0x00000000000004ba       0x1e /Applications/FEH_ARM/bin/../lib/gcc/arm-none-eabi/10.3.1/thumb/v7e-m/nofp/libgcc.a(_arm_muldivdf3.o)
 .ARM.attributes
                0x00000000000004d8       0x1e /Applications/FEH_ARM/bin/../lib/gcc/arm-none-eabi/10.3.1/thumb/v7e-m/nofp/libgcc.a(_arm_cmpdf2.o)
 .ARM.attributes